 PhysXCommon_64

 Timestamp is 63f49218 (Tue Feb 21 10:42:48 2023)

 Preferred load address is 0000000180000000

 Start         Length     Name                   Class
 0001:00000000 000029e0H .text$di                CODE
 0001:000029e0 00119f00H .text$mn                CODE
 0001:0011c8e0 00000036H .text$mn$00             CODE
 0001:0011c916 00000092H .text$x                 CODE
 0002:00000000 00000188H .idata$5                DATA
 0002:00000188 00000038H .00cfg                  DATA
 0002:000001c0 00000008H .CRT$XCA                DATA
 0002:000001c8 00001428H .CRT$XCU                DATA
 0002:000015f0 00000008H .CRT$XCZ                DATA
 0002:000015f8 00000008H .CRT$XIA                DATA
 0002:00001600 00000008H .CRT$XIZ                DATA
 0002:00001608 00000008H .CRT$XPA                DATA
 0002:00001610 00000008H .CRT$XPZ                DATA
 0002:00001618 00000008H .CRT$XTA                DATA
 0002:00001620 00000010H .CRT$XTZ                DATA
 0002:00001628 00000000H .gehcont$y              DATA
 0002:00001628 00000000H .gfids$y                DATA
 0002:00001630 00004d50H .rdata                  DATA
 0002:00006380 00000000H .rdata$CastGuardVftablesA DATA
 0002:00006380 00000000H .rdata$CastGuardVftablesC DATA
 0002:00006380 00000074H .rdata$r                DATA
 0002:000063f4 00000108H .rdata$voltmd           DATA
 0002:000064fc 000003b4H .rdata$zzzdbg           DATA
 0002:000068b0 00000008H .rtc$IAA                DATA
 0002:000068b8 00000008H .rtc$IZZ                DATA
 0002:000068c0 00000008H .rtc$TAA                DATA
 0002:000068c8 00000008H .rtc$TZZ                DATA
 0002:000068d0 0000b5c8H .xdata                  DATA
 0002:00011e98 00000020H .didat$2                DATA
 0002:00011eb8 00000020H .didat$3                DATA
 0002:00011ed8 000000b8H .didat$4                DATA
 0002:00011f90 00000430H .didat$6                DATA
 0002:000123c0 000000c0H .didat$7                DATA
 0002:00012480 0000a0dcH .edata                  DATA
 0002:0001c55c 00000078H .idata$2                DATA
 0002:0001c5d4 00000014H .idata$3                DATA
 0002:0001c5e8 00000188H .idata$4                DATA
 0002:0001c770 000003daH .idata$6                DATA
 0003:00000000 00000a70H .data                   DATA
 0003:00000a70 000003e8H .data$r                 DATA
 0003:00000e58 00000020H .data$rs                DATA
 0003:00000e78 000000b8H .didat$5                DATA
 0003:00000f30 000029a0H .bss                    DATA
 0004:00000000 00005a30H .pdata                  DATA
 0005:00000000 00002208H _RDATA                  DATA
 0006:00000000 000000a0H .rsrc$01                DATA
 0006:000000a0 000004b0H .rsrc$02                DATA

  Address         Publics by Value              Rva+Base               Lib:Object

 0000:00000000       __AbsoluteZero             0000000000000000     <absolute>
 0000:00000000       ___safe_se_handler_count   0000000000000000     <absolute>
 0000:00000000       ___safe_se_handler_table   0000000000000000     <absolute>
 0000:00000000       __arm64x_extra_rfe_table   0000000000000000     <absolute>
 0000:00000000       __arm64x_extra_rfe_table_size 0000000000000000     <absolute>
 0000:00000000       __arm64x_native_entrypoint 0000000000000000     <absolute>
 0000:00000000       __arm64x_redirection_metadata 0000000000000000     <absolute>
 0000:00000000       __arm64x_redirection_metadata_count 0000000000000000     <absolute>
 0000:00000000       __dynamic_value_reloc_table 0000000000000000     <absolute>
 0000:00000000       __enclave_config           0000000000000000     <absolute>
 0000:00000000       __guard_check_icall_a64n_fptr 0000000000000000     <absolute>
 0000:00000000       __guard_eh_cont_count      0000000000000000     <absolute>
 0000:00000000       __guard_eh_cont_table      0000000000000000     <absolute>
 0000:00000000       __guard_fids_count         0000000000000000     <absolute>
 0000:00000000       __guard_fids_table         0000000000000000     <absolute>
 0000:00000000       __guard_iat_count          0000000000000000     <absolute>
 0000:00000000       __guard_iat_table          0000000000000000     <absolute>
 0000:00000000       __guard_longjmp_count      0000000000000000     <absolute>
 0000:00000000       __guard_longjmp_table      0000000000000000     <absolute>
 0000:00000000       __hybrid_auxiliary_iat     0000000000000000     <absolute>
 0000:00000000       __hybrid_auxiliary_iat_copy 0000000000000000     <absolute>
 0000:00000000       __hybrid_code_map          0000000000000000     <absolute>
 0000:00000000       __hybrid_code_map_count    0000000000000000     <absolute>
 0000:00000000       __x64_code_ranges_to_entry_points 0000000000000000     <absolute>
 0000:00000000       __x64_code_ranges_to_entry_points_count 0000000000000000     <absolute>
 0000:00000100       __guard_flags              0000000000000100     <absolute>
 0000:00000000       __ImageBase                0000000180000000     <linker-defined>
 0001:000029e0       ??_ECollection@Cm@physx@@UEAAPEAXI@Z 00000001800039e0 f i CmCollection.obj
 0001:000029e0       ??_GCollection@Cm@physx@@UEAAPEAXI@Z 00000001800039e0 f i CmCollection.obj
 0001:00002a90       ??_EPxCollection@physx@@MEAAPEAXI@Z 0000000180003a90 f i CmCollection.obj
 0001:00002a90       ??_GPxCollection@physx@@MEAAPEAXI@Z 0000000180003a90 f i CmCollection.obj
 0001:00002ac0       ?PxCreateCollection@@YAPEAVPxCollection@physx@@XZ 0000000180003ac0 f   CmCollection.obj
 0001:00002bc0       ?add@Collection@Cm@physx@@UEAAXAEAVPxBase@3@_K@Z 0000000180003bc0 f   CmCollection.obj
 0001:00002cb0       ?add@Collection@Cm@physx@@UEAAXAEAVPxCollection@3@@Z 0000000180003cb0 f   CmCollection.obj
 0001:00002ed0       ?addId@Collection@Cm@physx@@UEAAXAEAVPxBase@3@_K@Z 0000000180003ed0 f   CmCollection.obj
 0001:00003020       ?contains@Collection@Cm@physx@@UEBA_NAEAVPxBase@3@@Z 0000000180004020 f   CmCollection.obj
 0001:000030d0       ?create@?$HashBase@V?$Pair@$$CB_KPEAVPxBase@physx@@@shdfnd@physx@@_KU?$Hash@_K@23@UGetKey@?$HashMapBase@_KPEAVPxBase@physx@@U?$Hash@_K@shdfnd@2@VNonTrackingAllocator@42@@internal@23@VNonTrackingAllocator@23@$00@internal@shdfnd@physx@@QEAAPEAV?$Pair@$$CB_KPEAVPxBase@physx@@@34@AEB_KAEA_N@Z 00000001800040d0 f i CmCollection.obj
 0001:000030d0       ?create@?$HashBase@V?$Pair@QEAVPxBase@physx@@_K@shdfnd@physx@@PEAVPxBase@3@U?$Hash@PEAVPxBase@physx@@@23@UGetKey@?$HashMapBase@PEAVPxBase@physx@@_KU?$Hash@PEAVPxBase@physx@@@shdfnd@2@VNonTrackingAllocator@42@@internal@23@VNonTrackingAllocator@23@$00@internal@shdfnd@physx@@QEAAPEAV?$Pair@QEAVPxBase@physx@@_K@34@AEBQEAVPxBase@4@AEA_N@Z 00000001800040d0 f i CmCollection.obj
 0001:00003260       ?erase@?$HashBase@V?$Pair@$$CB_KPEAVPxBase@physx@@@shdfnd@physx@@_KU?$Hash@_K@23@UGetKey@?$HashMapBase@_KPEAVPxBase@physx@@U?$Hash@_K@shdfnd@2@VNonTrackingAllocator@42@@internal@23@VNonTrackingAllocator@23@$00@internal@shdfnd@physx@@QEAA_NAEB_K@Z 0000000180004260 f i CmCollection.obj
 0001:00003260       ?erase@?$HashBase@V?$Pair@QEAVPxBase@physx@@_K@shdfnd@physx@@PEAVPxBase@3@U?$Hash@PEAVPxBase@physx@@@23@UGetKey@?$HashMapBase@PEAVPxBase@physx@@_KU?$Hash@PEAVPxBase@physx@@@shdfnd@2@VNonTrackingAllocator@42@@internal@23@VNonTrackingAllocator@23@$00@internal@shdfnd@physx@@QEAA_NAEBQEAVPxBase@4@@Z 0000000180004260 f i CmCollection.obj
 0001:00003410       ?find@?$HashMapBase@PEAVPxBase@physx@@_KU?$Hash@PEAVPxBase@physx@@@shdfnd@2@VNonTrackingAllocator@42@@internal@shdfnd@physx@@QEBAPEBV?$Pair@QEAVPxBase@physx@@_K@34@AEBQEAVPxBase@4@@Z 0000000180004410 f i CmCollection.obj
 0001:00003410       ?find@?$HashMapBase@_KPEAVPxBase@physx@@U?$Hash@_K@shdfnd@2@VNonTrackingAllocator@42@@internal@shdfnd@physx@@QEBAPEBV?$Pair@$$CB_KPEAVPxBase@physx@@@34@AEB_K@Z 0000000180004410 f i CmCollection.obj
 0001:000034b0       ?find@Collection@Cm@physx@@UEBAPEAVPxBase@3@_K@Z 00000001800044b0 f   CmCollection.obj
 0001:00003510       ?getId@Collection@Cm@physx@@UEBA_KAEBVPxBase@3@@Z 0000000180004510 f   CmCollection.obj
 0001:000035c0       ?getIds@Collection@Cm@physx@@UEBAIPEA_KII@Z 00000001800045c0 f   CmCollection.obj
 0001:00003700       ?getNbColumns@HeightField@Gu@physx@@UEBAIXZ 0000000180004700 f   GuBounds.obj
 0001:00003700       ?getNbIds@Collection@Cm@physx@@UEBAIXZ 0000000180004700 f   CmCollection.obj
 0001:00003710       ?getNbObjects@Collection@Cm@physx@@UEBAIXZ 0000000180004710 f   CmCollection.obj
 0001:00003720       ?getObject@Collection@Cm@physx@@UEBAAEAVPxBase@3@I@Z 0000000180004720 f   CmCollection.obj
 0001:00003730       ?getObjects@Collection@Cm@physx@@UEBAIPEAPEAVPxBase@3@II@Z 0000000180004730 f   CmCollection.obj
 0001:000037f0       ?insert@?$HashMapBase@_KPEAVPxBase@physx@@U?$Hash@_K@shdfnd@2@VNonTrackingAllocator@42@@internal@shdfnd@physx@@QEAA_N_KQEAVPxBase@4@@Z 00000001800047f0 f i CmCollection.obj
 0001:00003840       ?release@Collection@Cm@physx@@UEAAXXZ 0000000180004840 f i CmCollection.obj
 0001:00003860       ?remove@Collection@Cm@physx@@UEAAXAEAVPxBase@3@@Z 0000000180004860 f   CmCollection.obj
 0001:000039a0       ?remove@Collection@Cm@physx@@UEAAXAEAVPxCollection@3@@Z 00000001800049a0 f   CmCollection.obj
 0001:00003b00       ?removeId@Collection@Cm@physx@@UEAAX_K@Z 0000000180004b00 f   CmCollection.obj
 0001:00003bf0       ?reserveInternal@?$HashBase@V?$Pair@$$CB_KPEAVPxBase@physx@@@shdfnd@physx@@_KU?$Hash@_K@23@UGetKey@?$HashMapBase@_KPEAVPxBase@physx@@U?$Hash@_K@shdfnd@2@VNonTrackingAllocator@42@@internal@23@VNonTrackingAllocator@23@$00@internal@shdfnd@physx@@AEAAXI@Z 0000000180004bf0 f i CmCollection.obj
 0001:00003bf0       ?reserveInternal@?$HashBase@V?$Pair@QEAVPxBase@physx@@_K@shdfnd@physx@@PEAVPxBase@3@U?$Hash@PEAVPxBase@physx@@@23@UGetKey@?$HashMapBase@PEAVPxBase@physx@@_KU?$Hash@PEAVPxBase@physx@@@shdfnd@2@VNonTrackingAllocator@42@@internal@23@VNonTrackingAllocator@23@$00@internal@shdfnd@physx@@AEAAXI@Z 0000000180004bf0 f i CmCollection.obj
 0001:00003dd0       ??0PtrTable@Cm@physx@@QEAA@W4PxEMPTY@2@@Z 0000000180004dd0 f i CmPtrTable.obj
 0001:00003df0       ??0PtrTable@Cm@physx@@QEAA@XZ 0000000180004df0 f   CmPtrTable.obj
 0001:00003e00       ??1AABBTreeBuildNode@Gu@physx@@QEAA@XZ 0000000180004e00 f   GuAABBTreeBuild.obj
 0001:00003e00       ??1Box@Gu@physx@@QEAA@XZ   0000000180004e00 f   GuBounds.obj
 0001:00003e00       ??1HeightFieldData@Gu@physx@@QEAA@XZ 0000000180004e00 f   GuBounds.obj
 0001:00003e00       ??1MaterialIndicesStruct@physx@@QEAA@XZ 0000000180004e00 f   GuGeometryUnion.obj
 0001:00003e00       ??1PtrTable@Cm@physx@@QEAA@XZ 0000000180004e00 f   CmPtrTable.obj
 0001:00003e00       ?profile@Callback@RTree@Gu@physx@@UEAAXXZ 0000000180004e00 f   GuMidphaseRTree.obj
 0001:00003e00       ?requiresObjects@ConvexMesh@Gu@physx@@UEAAXAEAVPxProcessPxBaseCallback@3@@Z 0000000180004e00 f   GuConvexMesh.obj
 0001:00003e00       ?requiresObjects@HeightField@Gu@physx@@UEAAXAEAVPxProcessPxBaseCallback@3@@Z 0000000180004e00 f   GuHeightField.obj
 0001:00003e00       ?requiresObjects@TriangleMesh@Gu@physx@@UEAAXAEAVPxProcessPxBaseCallback@3@@Z 0000000180004e00 f   GuTriangleMesh.obj
 0001:00003e00       _guard_check_icall_nop     0000000180004e00 f   MSVCRT:guard_support.obj
 0001:00003e10       ??4CmModuleUpdateLoader@Cm@physx@@QEAAAEAV012@AEBV012@@Z 0000000180004e10 f i CmWindowsModuleUpdateLoader.obj
 0001:00003e10       ??4MaterialIndicesStruct@physx@@QEAAAEAU01@AEBU01@@Z 0000000180004e10 f i GuGeometryUnion.obj
 0001:00003e10       ??4PtrTable@Cm@physx@@QEAAAEAU012@AEBU012@@Z 0000000180004e10 f i CmPtrTable.obj
 0001:00003e20       ?add@PtrTable@Cm@physx@@QEAAXPEAXAEAVPtrTableStorageManager@23@@Z 0000000180004e20 f   CmPtrTable.obj
 0001:00003ee0       ?clear@PtrTable@Cm@physx@@QEAAXAEAVPtrTableStorageManager@23@@Z 0000000180004ee0 f   CmPtrTable.obj
 0001:00003f60       ?exportExtraData@PtrTable@Cm@physx@@QEAAXAEAVPxSerializationContext@3@@Z 0000000180004f60 f   CmPtrTable.obj
 0001:00003fb0       ?find@PtrTable@Cm@physx@@QEBAIPEBX@Z 0000000180004fb0 f   CmPtrTable.obj
 0001:00003fe0       ?getBinaryMetaData@PtrTable@Cm@physx@@SAXAEAVPxOutputStream@3@@Z 0000000180004fe0 f   CmPtrTable.obj
 0001:00004190       ?getCount@PtrTable@Cm@physx@@QEBAIXZ 0000000180005190 f i CmPtrTable.obj
 0001:000041a0       ?getPtrs@PtrTable@Cm@physx@@QEAAPEAPEAXXZ 00000001800051a0 f i CmPtrTable.obj
 0001:000041a0       ?getPtrs@PtrTable@Cm@physx@@QEBAPEBQEAXXZ 00000001800051a0 f i CmPtrTable.obj
 0001:000041b0       ?importExtraData@PtrTable@Cm@physx@@QEAAXAEAVPxDeserializationContext@3@@Z 00000001800051b0 f   CmPtrTable.obj
 0001:000041e0       ?realloc@PtrTable@Cm@physx@@AEAAXIIAEAVPtrTableStorageManager@23@@Z 00000001800051e0 f   CmPtrTable.obj
 0001:00004270       ?replaceWithLast@PtrTable@Cm@physx@@QEAAXIAEAVPtrTableStorageManager@23@@Z 0000000180005270 f   CmPtrTable.obj
 0001:00004370       ??0RadixSort@Cm@physx@@QEAA@XZ 0000000180005370 f   CmRadixSort.obj
 0001:000043a0       ??1RadixSort@Cm@physx@@UEAA@XZ 00000001800053a0 f   CmRadixSort.obj
 0001:000043b0       ??_ERadixSort@Cm@physx@@UEAAPEAXI@Z 00000001800053b0 f i CmRadixSort.obj
 0001:00004440       ?GetNbHits@RadixSort@Cm@physx@@QEBAIXZ 0000000180005440 f i CmRadixSort.obj
 0001:00004450       ?GetNbTotalCalls@RadixSort@Cm@physx@@QEBAIXZ 0000000180005450 f i CmRadixSort.obj
 0001:00004460       ?GetRanks@RadixSort@Cm@physx@@QEBAPEBIXZ 0000000180005460 f i CmRadixSort.obj
 0001:00004460       ?getHeightField@HeightFieldUtil@Gu@physx@@QEBAAEBVHeightField@23@XZ 0000000180005460 f i GuCCTSweepTests.obj
 0001:00004470       ?GetRecyclable@RadixSort@Cm@physx@@QEBAPEAIXZ 0000000180005470 f i CmRadixSort.obj
 0001:00004470       ?GetValencies@BigConvexData@physx@@QEBAPEBUValency@Gu@2@XZ 0000000180005470 f i GuMetaData.obj
 0001:00004470       ?getHeightFieldGeometry@HeightFieldUtil@Gu@physx@@QEBAAEBVPxHeightFieldGeometry@3@XZ 0000000180005470 f i GuCCTSweepTests.obj
 0001:00004470       ?getPos@AABBTreeBuildNode@Gu@physx@@QEBAPEBV123@XZ 0000000180005470 f i GuAABBTreeBuild.obj
 0001:00004480       ?SetBuffers@RadixSort@Cm@physx@@QEAA_NPEAI00PEAPEAI@Z 0000000180005480 f   CmRadixSort.obj
 0001:000044c0       ?Sort@RadixSort@Cm@physx@@QEAAAEAV123@PEBIIW4RadixHint@23@@Z 00000001800054c0 f   CmRadixSort.obj
 0001:00004b70       ?Sort@RadixSort@Cm@physx@@QEAAAEAV123@PEBMI@Z 0000000180005b70 f   CmRadixSort.obj
 0001:00005310       ?invalidateRanks@RadixSort@Cm@physx@@QEAAXXZ 0000000180006310 f i CmRadixSort.obj
 0001:00005320       ??0RadixSortBuffered@Cm@physx@@QEAA@XZ 0000000180006320 f   CmRadixSortBuffered.obj
 0001:00005350       ??1RadixSortBuffered@Cm@physx@@UEAA@XZ 0000000180006350 f   CmRadixSortBuffered.obj
 0001:00005380       ??_ERadixSortBuffered@Cm@physx@@UEAAPEAXI@Z 0000000180006380 f i CmRadixSortBuffered.obj
 0001:00005450       ?CheckResize@RadixSortBuffered@Cm@physx@@AEAAXI@Z 0000000180006450 f i CmRadixSortBuffered.obj
 0001:00005490       ?Resize@RadixSortBuffered@Cm@physx@@AEAA_NI@Z 0000000180006490 f   CmRadixSortBuffered.obj
 0001:00005590       ?Sort@RadixSortBuffered@Cm@physx@@QEAAAEAV123@PEBIIW4RadixHint@23@@Z 0000000180006590 f   CmRadixSortBuffered.obj
 0001:00005630       ?Sort@RadixSortBuffered@Cm@physx@@QEAAAEAV123@PEBMI@Z 0000000180006630 f   CmRadixSortBuffered.obj
 0001:000056c0       ?reset@RadixSortBuffered@Cm@physx@@QEAAXXZ 00000001800066c0 f   CmRadixSortBuffered.obj
 0001:00005740       ??0DebugText@Cm@physx@@QEAA@$$QEAU012@@Z 0000000180006740 f i CmRenderOutput.obj
 0001:00005740       ??0DebugText@Cm@physx@@QEAA@AEBU012@@Z 0000000180006740 f i CmRenderOutput.obj
 0001:00005820       ??0DebugText@Cm@physx@@QEAA@AEBVPxVec3@2@MPEBDZZ 0000000180006820 f   CmRenderOutput.obj
 0001:00005880       ??0RenderOutput@Cm@physx@@QEAA@AEAVRenderBuffer@12@@Z 0000000180006880 f i CmRenderOutput.obj
 0001:000058d0       ??0RenderOutput@Cm@physx@@QEAA@AEBV012@@Z 00000001800068d0 f i CmRenderOutput.obj
 0001:00005970       ??4DebugText@Cm@physx@@QEAAAEAU012@$$QEAU012@@Z 0000000180006970 f i CmRenderOutput.obj
 0001:00005970       ??4DebugText@Cm@physx@@QEAAAEAU012@AEBU012@@Z 0000000180006970 f i CmRenderOutput.obj
 0001:00005aa0       ??6Cm@physx@@YAAEAVRenderOutput@01@AEAV201@AEBUDebugArc@01@@Z 0000000180006aa0 f   CmRenderOutput.obj
 0001:00005ba0       ??6Cm@physx@@YAAEAVRenderOutput@01@AEAV201@AEBUDebugArrow@01@@Z 0000000180006ba0 f   CmRenderOutput.obj
 0001:00005fa0       ??6Cm@physx@@YAAEAVRenderOutput@01@AEAV201@AEBUDebugBasis@01@@Z 0000000180006fa0 f   CmRenderOutput.obj
 0001:000060a0       ??6Cm@physx@@YAAEAVRenderOutput@01@AEAV201@AEBUDebugBox@01@@Z 00000001800070a0 f   CmRenderOutput.obj
 0001:000065a0       ??6Cm@physx@@YAAEAVRenderOutput@01@AEAV201@AEBUDebugCircle@01@@Z 00000001800075a0 f   CmRenderOutput.obj
 0001:00006680       ??6RenderOutput@Cm@physx@@QEAAAEAV012@AEBUDebugText@12@@Z 0000000180007680 f   CmRenderOutput.obj
 0001:00006880       ??6RenderOutput@Cm@physx@@QEAAAEAV012@AEBVPxMat44@2@@Z 0000000180007880 f   CmRenderOutput.obj
 0001:000068f0       ??6RenderOutput@Cm@physx@@QEAAAEAV012@AEBVPxTransform@2@@Z 00000001800078f0 f   CmRenderOutput.obj
 0001:00006a70       ??6RenderOutput@Cm@physx@@QEAAAEAV012@I@Z 0000000180007a70 f   CmRenderOutput.obj
 0001:00006a80       ??6RenderOutput@Cm@physx@@QEAAAEAV012@VPxVec3@2@@Z 0000000180007a80 f   CmRenderOutput.obj
 0001:00006fd0       ??6RenderOutput@Cm@physx@@QEAAAEAV012@W4Primitive@012@@Z 0000000180007fd0 f   CmRenderOutput.obj
 0001:00006fe0       ?copy@?$Array@UPxDebugLine@physx@@VNamedAllocator@shdfnd@2@@shdfnd@physx@@KAXPEAUPxDebugLine@3@0PEBU43@@Z 0000000180007fe0 f i CmRenderOutput.obj
 0001:00007190       ?copy@?$Array@UPxDebugPoint@physx@@VNamedAllocator@shdfnd@2@@shdfnd@physx@@KAXPEAUPxDebugPoint@3@0PEBU43@@Z 0000000180008190 f i CmRenderOutput.obj
 0001:00007290       ?copy@?$Array@UPxDebugText@physx@@VNamedAllocator@shdfnd@2@@shdfnd@physx@@KAXPEAUPxDebugText@3@0PEBU43@@Z 0000000180008290 f i CmRenderOutput.obj
 0001:00007400       ?copy@?$Array@UPxDebugTriangle@physx@@VNamedAllocator@shdfnd@2@@shdfnd@physx@@KAXPEAUPxDebugTriangle@3@0PEBU43@@Z 0000000180008400 f i CmRenderOutput.obj
 0001:00007600       ?growAndPushBack@?$Array@DVNamedAllocator@shdfnd@physx@@@shdfnd@physx@@IEAAAEADAEBD@Z 0000000180008600 f i CmRenderOutput.obj
 0001:000076e0       ?growAndPushBack@?$Array@UPxDebugLine@physx@@VNamedAllocator@shdfnd@2@@shdfnd@physx@@IEAAAEAUPxDebugLine@3@AEBU43@@Z 00000001800086e0 f i CmRenderOutput.obj
 0001:000077f0       ?growAndPushBack@?$Array@UPxDebugPoint@physx@@VNamedAllocator@shdfnd@2@@shdfnd@physx@@IEAAAEAUPxDebugPoint@3@AEBU43@@Z 00000001800087f0 f i CmRenderOutput.obj
 0001:000078e0       ?growAndPushBack@?$Array@UPxDebugText@physx@@VNamedAllocator@shdfnd@2@@shdfnd@physx@@IEAAAEAUPxDebugText@3@AEBU43@@Z 00000001800088e0 f i CmRenderOutput.obj
 0001:000079e0       ?growAndPushBack@?$Array@UPxDebugTriangle@physx@@VNamedAllocator@shdfnd@2@@shdfnd@physx@@IEAAAEAUPxDebugTriangle@3@AEBU43@@Z 00000001800089e0 f i CmRenderOutput.obj
 0001:00007b20       ?outputCapsule@RenderOutput@Cm@physx@@QEAAAEAV123@MMAEBVPxMat44@3@@Z 0000000180008b20 f   CmRenderOutput.obj
 0001:000085e0       ?outputSegment@RenderOutput@Cm@physx@@QEAAXAEBVPxVec3@3@0@Z 00000001800095e0 f i CmRenderOutput.obj
 0001:000086a0       ?recreate@?$Array@DVNamedAllocator@shdfnd@physx@@@shdfnd@physx@@IEAAXI@Z 00000001800096a0 f i CmRenderOutput.obj
 0001:00008750       ?recreate@?$Array@UPxDebugLine@physx@@VNamedAllocator@shdfnd@2@@shdfnd@physx@@IEAAXI@Z 0000000180009750 f i CmRenderOutput.obj
 0001:000087f0       ?reserveSegments@RenderOutput@Cm@physx@@QEAAPEAUPxDebugLine@3@I@Z 00000001800097f0 f i CmRenderOutput.obj
 0001:00008850       ??DPxQuat@physx@@QEBA?AV01@AEBV01@@Z 0000000180009850 f i CmVisualization.obj
 0001:00008990       ?visualizeAngularLimit@Cm@physx@@YAXAEAVRenderOutput@12@MAEBVPxTransform@2@MM_N@Z 0000000180009990 f   CmVisualization.obj
 0001:00008b50       ?visualizeDoubleCone@Cm@physx@@YAXAEAVRenderOutput@12@MAEBVPxTransform@2@M_N@Z 0000000180009b50 f   CmVisualization.obj
 0001:00008db0       ?visualizeJointFrames@Cm@physx@@YAXAEAVRenderOutput@12@MAEBVPxTransform@2@1@Z 0000000180009db0 f   CmVisualization.obj
 0001:00008e70       ?visualizeLimitCone@Cm@physx@@YAXAEAVRenderOutput@12@MAEBVPxTransform@2@MM_N@Z 0000000180009e70 f   CmVisualization.obj
 0001:00009100       ?visualizeLinearLimit@Cm@physx@@YAXAEAVRenderOutput@12@MAEBVPxTransform@2@1M_N@Z 000000018000a100 f   CmVisualization.obj
 0001:00009380       ??0CmModuleUpdateLoader@Cm@physx@@QEAA@PEBD@Z 000000018000a380 f   CmWindowsModuleUpdateLoader.obj
 0001:000093c0       ??1CmModuleUpdateLoader@Cm@physx@@QEAA@XZ 000000018000a3c0 f   CmWindowsModuleUpdateLoader.obj
 0001:000093f0       ?LoadModule@CmModuleUpdateLoader@Cm@physx@@QEAAPEAUHINSTANCE__@@PEBD0@Z 000000018000a3f0 f   CmWindowsModuleUpdateLoader.obj
 0001:00009410       ?commonDelayHook@@YAP6A_JXZIPEAUDelayLoadInfo@@@Z 000000018000a410 f   CmWindowsDelayLoadHook.obj
 0001:000094f0       PxSetPhysXCommonDelayLoadHook 000000018000a4f0 f   CmWindowsDelayLoadHook.obj
 0001:00009500       ??0Box@Gu@physx@@QEAA@AEBV012@@Z 000000018000a500 f i GuBounds.obj
 0001:00009500       ??4Box@Gu@physx@@QEAAAEBV012@AEBV012@@Z 000000018000a500 f i GuBounds.obj
 0001:00009560       ??0Box@Gu@physx@@QEAA@AEBVPxVec3@2@0AEBVPxMat33@2@@Z 000000018000a560 f i GuBounds.obj
 0001:000095d0       ??0AABBTreeBuildNode@Gu@physx@@QEAA@XZ 000000018000a5d0 f i GuAABBTreeBuild.obj
 0001:000095d0       ??0BigConvexData@physx@@QEAA@W4PxEMPTY@1@@Z 000000018000a5d0 f i GuMetaData.obj
 0001:000095d0       ??0Box@Gu@physx@@QEAA@XZ   000000018000a5d0 f i GuBounds.obj
 0001:000095d0       ??0GeometryUnion@Gu@physx@@QEAA@W4PxEMPTY@2@@Z 000000018000a5d0 f i GuGeometryUnion.obj
 0001:000095d0       ??0HeightFieldData@Gu@physx@@QEAA@W4PxEMPTY@2@@Z 000000018000a5d0 f i GuBounds.obj
 0001:000095d0       ??0MaterialIndicesStruct@physx@@QEAA@W4PxEMPTY@1@@Z 000000018000a5d0 f i GuGeometryUnion.obj
 0001:000095d0       ?getAABB@AABBTreeBuildNode@Gu@physx@@QEBAAEBVPxBounds3@3@XZ 000000018000a5d0 f i GuAABBTreeBuild.obj
 0001:000095d0       ?getGeometry@GeometryUnion@Gu@physx@@QEBAAEBVPxGeometry@3@XZ 000000018000a5d0 f i GuGeometryUnion.obj
 0001:000095d0       ?getPaddedBounds@HeightFieldData@Gu@physx@@QEBAAEBVCenterExtentsPadded@23@XZ 000000018000a5d0 f i GuBounds.obj
 0001:000095e0       ??0HeightFieldData@Gu@physx@@QEAA@$$QEAU012@@Z 000000018000a5e0 f i GuBounds.obj
 0001:000095e0       ??0HeightFieldData@Gu@physx@@QEAA@AEBU012@@Z 000000018000a5e0 f i GuBounds.obj
 0001:000095e0       ??4HeightFieldData@Gu@physx@@QEAAAEAU012@$$QEAU012@@Z 000000018000a5e0 f i GuBounds.obj
 0001:000095e0       ??4HeightFieldData@Gu@physx@@QEAAAEAU012@AEBU012@@Z 000000018000a5e0 f i GuBounds.obj
 0001:00009640       ??0HeightFieldData@Gu@physx@@QEAA@XZ 000000018000a640 f i GuBounds.obj
 0001:00009650       ??0PxQuat@physx@@QEAA@AEBVPxMat33@1@@Z 000000018000a650 f i GuBounds.obj
 0001:00009850       ??0ShapeData@Gu@physx@@QEAA@AEBVPxGeometry@2@AEBVPxTransform@2@M@Z 000000018000a850 f   GuBounds.obj
 0001:00009db0       ??1PxConvexMesh@physx@@MEAA@XZ 000000018000adb0 f i GuBounds.obj
 0001:00009db0       ??1PxHeightField@physx@@MEAA@XZ 000000018000adb0 f i GuBounds.obj
 0001:00009dc0       ??_EPxBVHStructure@physx@@MEAAPEAXI@Z 000000018000adc0 f i GuBVHStructure.obj
 0001:00009dc0       ??_EPxBase@physx@@MEAAPEAXI@Z 000000018000adc0 f i GuBounds.obj
 0001:00009dc0       ??_EPxTriangleMesh@physx@@MEAAPEAXI@Z 000000018000adc0 f i GuTriangleMesh.obj
 0001:00009dc0       ??_GPxBVHStructure@physx@@MEAAPEAXI@Z 000000018000adc0 f i GuBVHStructure.obj
 0001:00009dc0       ??_GPxBase@physx@@MEAAPEAXI@Z 000000018000adc0 f i GuBounds.obj
 0001:00009dc0       ??_GPxTriangleMesh@physx@@MEAAPEAXI@Z 000000018000adc0 f i GuTriangleMesh.obj
 0001:00009df0       ??_H@YAXPEAX_K1P6APEAX0@Z@Z 000000018000adf0 f i GuBounds.obj
 0001:00009e40       ?computeAABBExtent@Box@Gu@physx@@QEBA?AVPxVec3@3@XZ 000000018000ae40 f i GuBounds.obj
 0001:00009f00       ?computeBounds@Gu@physx@@YAXAEAVPxBounds3@2@AEBVPxGeometry@2@AEBVPxTransform@2@MPEIBVCenterExtentsPadded@12@M@Z 000000018000af00 f   GuBounds.obj
 0001:0000a7e0       ?computeBoundsWithCCDThreshold@Gu@physx@@YAMAEAVVec3p@12@0AEBVPxGeometry@2@AEBVPxTransform@2@PEIBVCenterExtentsPadded@12@@Z 000000018000b7e0 f   GuBounds.obj
 0001:0000a9b0       ?computeBoxPoints@Box@Gu@physx@@QEBAXPEIAVPxVec3@3@@Z 000000018000b9b0 f i GuBounds.obj
 0001:0000b970       ?getConcreteTypeName@PxConvexMesh@physx@@UEBAPEBDXZ 000000018000c970 f i GuBounds.obj
 0001:0000b980       ?getConcreteTypeName@PxHeightField@physx@@UEBAPEBDXZ 000000018000c980 f i GuBounds.obj
 0001:0000b990       ?getConvexEdgeThreshold@HeightField@Gu@physx@@UEBAMXZ 000000018000c990 f i GuBounds.obj
 0001:0000b9a0       ?getFlags@HeightField@Gu@physx@@UEBA?AV?$PxFlags@W4Enum@PxHeightFieldFlag@physx@@G@3@XZ 000000018000c9a0 f i GuBounds.obj
 0001:0000b9b0       ?getFormat@HeightField@Gu@physx@@UEBA?AW4Enum@PxHeightFieldFormat@3@XZ 000000018000c9b0 f i GuBounds.obj
 0001:0000b9c0       ?getHeight@HeightField@Gu@physx@@UEBAMMM@Z 000000018000c9c0 f i GuBounds.obj
 0001:0000ba00       ?getHeightInternal2@HeightField@Gu@physx@@QEBAMIMM@Z 000000018000ca00 f i GuBounds.obj
 0001:0000bb70       ?getIndexBuffer@ConvexMesh@Gu@physx@@UEBAPEBEXZ 000000018000cb70 f i GuBounds.obj
 0001:0000bbb0       ?getNbPolygons@ConvexMesh@Gu@physx@@UEBAIXZ 000000018000cbb0 f i GuBounds.obj
 0001:0000bbc0       ?getNbRows@HeightField@Gu@physx@@UEBAIXZ 000000018000cbc0 f i GuBounds.obj
 0001:0000bbd0       ?getNbVertices@ConvexMesh@Gu@physx@@UEBAIXZ 000000018000cbd0 f i GuBounds.obj
 0001:0000bbe0       ?getSample@HeightField@Gu@physx@@UEBAAEBUPxHeightFieldSample@3@II@Z 000000018000cbe0 f i GuBounds.obj
 0001:0000bbf0       ?getSampleStride@HeightField@Gu@physx@@UEBAIXZ 000000018000cbf0 f i GuBounds.obj
 0001:0000bc00       ?getTimestamp@HeightField@Gu@physx@@UEBAIXZ 000000018000cc00 f i GuBounds.obj
 0001:0000bc10       ?getTransform@Box@Gu@physx@@QEBA?AVPxTransform@3@XZ 000000018000cc10 f i GuBounds.obj
 0001:0000bc70       ?getTriangleMaterialIndex@HeightField@Gu@physx@@UEBAGI@Z 000000018000cc70 f i GuBounds.obj
 0001:0000bca0       ?getTriangleNormal@HeightField@Gu@physx@@UEBA?AVPxVec3@3@I@Z 000000018000cca0 f i GuBounds.obj
 0001:0000bcc0       ?getTriangleNormalInternal@HeightField@Gu@physx@@QEBA?AVPxVec3@3@I@Z 000000018000ccc0 f i GuBounds.obj
 0001:0000be10       ?getVertices@ConvexMesh@Gu@physx@@UEBAPEBVPxVec3@3@XZ 000000018000ce10 f i GuBounds.obj
 0001:0000be30       ?isKindOf@PxBase@physx@@MEBA_NPEBD@Z 000000018000ce30 f i GuBounds.obj
 0001:0000be60       ?isKindOf@PxConvexMesh@physx@@MEBA_NPEBD@Z 000000018000ce60 f i GuBounds.obj
 0001:0000beb0       ?isKindOf@PxHeightField@physx@@MEBA_NPEBD@Z 000000018000ceb0 f i GuBounds.obj
 0001:0000bf00       ?isReleasable@PxBase@physx@@UEBA_NXZ 000000018000cf00 f i GuBounds.obj
 0001:0000bf10       ?isValid@Box@Gu@physx@@QEBA_NXZ 000000018000cf10 f i GuBounds.obj
 0001:0000bf30       ?preExportDataReset@ConvexMesh@Gu@physx@@QEAAXXZ 000000018000cf30 f i GuBounds.obj
 0001:0000bf30       ?preExportDataReset@HeightField@Gu@physx@@QEAAXXZ 000000018000cf30 f i GuBounds.obj
 0001:0000bf40       ?rotate@Box@Gu@physx@@QEBA?AVPxVec3@3@AEBV43@@Z 000000018000cf40 f i GuBounds.obj
 0001:0000bfd0       ?rotateInv@Box@Gu@physx@@QEBA?AVPxVec3@3@AEBV43@@Z 000000018000cfd0 f i GuBounds.obj
 0001:0000c060       ?setAxes@Box@Gu@physx@@QEAAXAEBVPxVec3@3@00@Z 000000018000d060 f i GuBounds.obj
 0001:0000c0a0       ?setEmpty@Box@Gu@physx@@QEAAXXZ 000000018000d0a0 f i GuBounds.obj
 0001:0000c0e0       ?transform@Box@Gu@physx@@QEBA?AVPxVec3@3@AEBV43@@Z 000000018000d0e0 f i GuBounds.obj
 0001:0000c180       ?computeOBBPoints@Gu@physx@@YAXPEIAVPxVec3@2@AEBV32@1111@Z 000000018000d180 f   GuBox.obj
 0001:0000c400       ?create@Box@Gu@physx@@QEAAXAEBVCapsule@23@@Z 000000018000d400 f   GuBox.obj
 0001:0000c630       ?getBoxEdges@Gu@physx@@YAPEBEXZ 000000018000d630 f   GuBox.obj
 0001:0000c640       ?computeBasis@shdfnd@physx@@YAXAEBVPxVec3@2@0AEAV32@11@Z 000000018000d640 f i GuCapsule.obj
 0001:0000c7e0       ?computeBoxAroundCapsule@Gu@physx@@YAXAEBVCapsule@12@AEAVBox@12@@Z 000000018000d7e0 f   GuCapsule.obj
 0001:0000c930       ??0HeightFieldTraceUtil@Gu@physx@@QEAA@AEBVPxHeightFieldGeometry@2@@Z 000000018000d930 f i GuCCTSweepTests.obj
 0001:0000c930       ??0HeightFieldUtil@Gu@physx@@QEAA@AEBVPxHeightFieldGeometry@2@@Z 000000018000d930 f i GuCCTSweepTests.obj
 0001:0000c970       ??4HeightFieldTraceUtil@Gu@physx@@QEAAAEAV012@$$QEAV012@@Z 000000018000d970 f i GuCCTSweepTests.obj
 0001:0000c970       ??4HeightFieldTraceUtil@Gu@physx@@QEAAAEAV012@AEBV012@@Z 000000018000d970 f i GuCCTSweepTests.obj
 0001:0000c970       ??4HeightFieldUtil@Gu@physx@@QEAAAEAV012@AEBV012@@Z 000000018000d970 f i GuCCTSweepTests.obj
 0001:0000c990       ??4HeightFieldUtil@Gu@physx@@QEAAAEAV012@$$QEAV012@@Z 000000018000d990 f i GuCCTSweepTests.obj
 0001:0000c9c0       ??_E?$EntityReport@I@Gu@physx@@UEAAPEAXI@Z 000000018000d9c0 f i GuCCTSweepTests.obj
 0001:0000c9c0       ??_G?$EntityReport@I@Gu@physx@@UEAAPEAXI@Z 000000018000d9c0 f i GuCCTSweepTests.obj
 0001:0000ca20       ?ceilUp@HeightFieldTraceUtil@Gu@physx@@SAMM@Z 000000018000da20 f i GuCCTSweepTests.obj
 0001:0000ca60       ?computePointNormal@HeightFieldUtil@Gu@physx@@QEBA?AVPxVec3@3@IAEBV43@AEBVPxTransform@3@MMMMAEAM@Z 000000018000da60 f i GuCCTSweepTests.obj
 0001:0000ce80       ?floorDown@HeightFieldTraceUtil@Gu@physx@@SAMM@Z 000000018000de80 f i GuCCTSweepTests.obj
 0001:0000cec0       ?getFeatureIndex@HeightFieldUtil@Gu@physx@@SAII@Z 000000018000dec0 f i GuCCTSweepTests.obj
 0001:0000ced0       ?getFeatureType@HeightFieldUtil@Gu@physx@@SA?AW4Feature@123@I@Z 000000018000ded0 f i GuCCTSweepTests.obj
 0001:0000cee0       ?getHeightAtShapePoint@HeightFieldUtil@Gu@physx@@QEBAMMM@Z 000000018000dee0 f i GuCCTSweepTests.obj
 0001:0000cf40       ?getNormalAtShapePoint@HeightFieldUtil@Gu@physx@@QEBA?AVPxVec3@3@MM@Z 000000018000df40 f i GuCCTSweepTests.obj
 0001:0000d000       ?getNormal_2@HeightField@Gu@physx@@QEBA?AVPxVec3@3@IMMMMM@Z 000000018000e000 f i GuCCTSweepTests.obj
 0001:0000d120       ?getOneOverColumnScale@HeightFieldUtil@Gu@physx@@QEBAMXZ 000000018000e120 f i GuCCTSweepTests.obj
 0001:0000d130       ?getOneOverHeightScale@HeightFieldUtil@Gu@physx@@QEBAMXZ 000000018000e130 f i GuCCTSweepTests.obj
 0001:0000d140       ?getOneOverRowScale@HeightFieldUtil@Gu@physx@@QEBAMXZ 000000018000e140 f i GuCCTSweepTests.obj
 0001:0000d150       ?getVertexNormal@HeightFieldUtil@Gu@physx@@QEBA?AVPxVec3@3@I@Z 000000018000e150 f i GuCCTSweepTests.obj
 0001:0000d180       ?hf2shapen@HeightFieldUtil@Gu@physx@@QEBA?AVPxVec3@3@AEBV43@@Z 000000018000e180 f i GuCCTSweepTests.obj
 0001:0000d180       ?shape2hfp@HeightFieldUtil@Gu@physx@@QEBA?AVPxVec3@3@AEBV43@@Z 000000018000e180 f i GuCCTSweepTests.obj
 0001:0000d1c0       ?hf2shapep@HeightFieldUtil@Gu@physx@@QEBA?AVPxVec3@3@AEBV43@@Z 000000018000e1c0 f i GuCCTSweepTests.obj
 0001:0000d200       ?hf2worldn@HeightFieldUtil@Gu@physx@@QEBA?AVPxVec3@3@AEBVPxTransform@3@AEBV43@@Z 000000018000e200 f i GuCCTSweepTests.obj
 0001:0000d370       ?hf2worldp@HeightFieldUtil@Gu@physx@@QEBA?AVPxVec3@3@AEBVPxTransform@3@AEBV43@@Z 000000018000e370 f i GuCCTSweepTests.obj
 0001:0000d4f0       ?isCollisionVertex@HeightFieldUtil@Gu@physx@@QEBA_NIII@Z 000000018000e4f0 f i GuCCTSweepTests.obj
 0001:0000d510       ?isQueryVertex@HeightFieldUtil@Gu@physx@@QEBA_NIII@Z 000000018000e510 f i GuCCTSweepTests.obj
 0001:0000d5d0       ?isShapePointOnHeightField@HeightFieldUtil@Gu@physx@@QEBA_NMM@Z 000000018000e5d0 f i GuCCTSweepTests.obj
 0001:0000d620       ?makeFeatureCode@HeightFieldUtil@Gu@physx@@SAIIW4Feature@123@@Z 000000018000e620 f i GuCCTSweepTests.obj
 0001:0000d7e0       ?sweepBoxTriangles_Precise@Gu@physx@@YA_NIPEBVPxTriangle@2@_NAEBVPxBoxGeometry@2@AEBVPxTransform@2@AEBVPxVec3@2@MAEAUPxSweepHit@2@PEBIMV?$PxFlags@W4Enum@PxHitFlag@physx@@G@2@@Z 000000018000e7e0 f   GuCCTSweepTests.obj
 0001:0000e590       ?sweepBox_BoxGeom_Precise@@YA_NAEBVPxGeometry@physx@@AEBVPxTransform@2@AEBVPxBoxGeometry@2@1AEBVBox@Gu@2@AEBVPxVec3@2@MAEAUPxSweepHit@2@V?$PxFlags@W4Enum@PxHitFlag@physx@@G@2@M@Z 000000018000f590 f   GuCCTSweepTests.obj
 0001:0000e750       ?sweepBox_CapsuleGeom_Precise@@YA_NAEBVPxGeometry@physx@@AEBVPxTransform@2@AEBVPxBoxGeometry@2@1AEBVBox@Gu@2@AEBVPxVec3@2@MAEAUPxSweepHit@2@V?$PxFlags@W4Enum@PxHitFlag@physx@@G@2@M@Z 000000018000f750 f   GuCCTSweepTests.obj
 0001:0000eb20       ?sweepBox_HeightFieldGeom_Precise@@YA_NAEBVPxGeometry@physx@@AEBVPxTransform@2@AEBVPxBoxGeometry@2@1AEBVBox@Gu@2@AEBVPxVec3@2@MAEAUPxSweepHit@2@V?$PxFlags@W4Enum@PxHitFlag@physx@@G@2@M@Z 000000018000fb20 f   GuCCTSweepTests.obj
 0001:0000eef0       ?sweepBox_SphereGeom_Precise@@YA_NAEBVPxGeometry@physx@@AEBVPxTransform@2@AEBVPxBoxGeometry@2@1AEBVBox@Gu@2@AEBVPxVec3@2@MAEAUPxSweepHit@2@V?$PxFlags@W4Enum@PxHitFlag@physx@@G@2@M@Z 000000018000fef0 f   GuCCTSweepTests.obj
 0001:0000f1c0       ?sweepCapsule_BoxGeom_Precise@@YA_NAEBVPxGeometry@physx@@AEBVPxTransform@2@AEBVPxCapsuleGeometry@2@1AEBVCapsule@Gu@2@AEBVPxVec3@2@MAEAUPxSweepHit@2@V?$PxFlags@W4Enum@PxHitFlag@physx@@G@2@M@Z 00000001800101c0 f   GuCCTSweepTests.obj
 0001:0000f820       ?computePenetration@PxGeometryQuery@physx@@SA_NAEAVPxVec3@2@AEAMAEBVPxGeometry@2@AEBVPxTransform@2@23@Z 0000000180010820 f   GuGeometryQuery.obj
 0001:0000f9c0       ?getWorldBounds@PxGeometryQuery@physx@@SA?AVPxBounds3@2@AEBVPxGeometry@2@AEBVPxTransform@2@M@Z 00000001800109c0 f   GuGeometryQuery.obj
 0001:0000fb20       ?isFinite@PxQuat@physx@@QEBA_NXZ 0000000180010b20 f i GuGeometryQuery.obj
 0001:0000fb90       ?isFinite@PxVec3@physx@@QEBA_NXZ 0000000180010b90 f i GuGeometryQuery.obj
 0001:0000fbf0       ?isUnit@PxQuat@physx@@QEBA_NXZ 0000000180010bf0 f i GuGeometryQuery.obj
 0001:0000fc60       ?isValid@PxGeometryQuery@physx@@SA_NAEBVPxGeometry@2@@Z 0000000180010c60 f   GuGeometryQuery.obj
 0001:0000fdf0       ?isValid@PxTransform@physx@@QEBA_NXZ 0000000180010df0 f i GuGeometryQuery.obj
 0001:0000fe60       ?overlap@PxGeometryQuery@physx@@SA_NAEBVPxGeometry@2@AEBVPxTransform@2@01@Z 0000000180010e60 f   GuGeometryQuery.obj
 0001:0000ffc0       ?pointDistance@PxGeometryQuery@physx@@SAMAEBVPxVec3@2@AEBVPxGeometry@2@AEBVPxTransform@2@PEAV32@@Z 0000000180010fc0 f   GuGeometryQuery.obj
 0001:000106f0       ?raycast@PxGeometryQuery@physx@@SAIAEBVPxVec3@2@0AEBVPxGeometry@2@AEBVPxTransform@2@MV?$PxFlags@W4Enum@PxHitFlag@physx@@G@2@IPEIAUPxRaycastHit@2@@Z 00000001800116f0 f   GuGeometryQuery.obj
 0001:00010a30       ?sweep@PxGeometryQuery@physx@@SA_NAEBVPxVec3@2@MAEBVPxGeometry@2@AEBVPxTransform@2@12AEAUPxSweepHit@2@V?$PxFlags@W4Enum@PxHitFlag@physx@@G@2@M@Z 0000000180011a30 f   GuGeometryQuery.obj
 0001:00011060       ??0GeometryUnion@Gu@physx@@QEAA@AEBVPxGeometry@2@@Z 0000000180012060 f i GuGeometryUnion.obj
 0001:00011080       ??0GeometryUnion@Gu@physx@@QEAA@XZ 0000000180012080 f i GuGeometryUnion.obj
 0001:00011090       ??0MaterialIndicesStruct@physx@@QEAA@XZ 0000000180012090 f i GuGeometryUnion.obj
 0001:000110b0       ??4GeometryUnion@Gu@physx@@QEAAAEAV012@$$QEAV012@@Z 00000001800120b0 f i GuGeometryUnion.obj
 0001:000110b0       ??4GeometryUnion@Gu@physx@@QEAAAEAV012@AEBV012@@Z 00000001800120b0 f i GuGeometryUnion.obj
 0001:000110e0       ?allocate@MaterialIndicesStruct@physx@@QEAAXG@Z 00000001800120e0 f i GuGeometryUnion.obj
 0001:00011150       ?deallocate@MaterialIndicesStruct@physx@@QEAAXXZ 0000000180012150 f i GuGeometryUnion.obj
 0001:000111a0       ?getCount@BuildStats@Gu@physx@@QEBAIXZ 00000001800121a0 f i GuAABBTreeBuild.obj
 0001:000111a0       ?getNumAxes@SeparatingAxes@Gu@physx@@QEBAIXZ 00000001800121a0 f i GuMTD.obj
 0001:000111a0       ?getType@GeometryUnion@Gu@physx@@QEBA?AW4Enum@PxGeometryType@3@XZ 00000001800121a0 f i GuGeometryUnion.obj
 0001:000111b0       ?set@GeometryUnion@Gu@physx@@QEAAXAEBVPxGeometry@3@@Z 00000001800121b0 f   GuGeometryUnion.obj
 0001:00011380       ?computeBoundsAroundVertices@Gu@physx@@YAXAEAVPxBounds3@2@IPEIBVPxVec3@2@@Z 0000000180012380 f   GuInternal.obj
 0001:00011430       ?computeBoxPoints@Gu@physx@@YAXAEBVPxBounds3@2@PEIAVPxVec3@2@@Z 0000000180012430 f   GuInternal.obj
 0001:000114d0       ?computeSweptBox@Gu@physx@@YAXAEAVBox@12@AEBVPxVec3@2@1AEBVPxMat33@2@1M@Z 00000001800124d0 f   GuInternal.obj
 0001:00011a10       ?getPlane@Gu@physx@@YA?AVPxPlane@2@AEBVPxTransform@2@@Z 0000000180012a10 f   GuInternal.obj
 0001:00011ac0       ??$?_UI@@YAPEAX_KV?$ReflectionAllocator@I@shdfnd@physx@@PEBDH@Z 0000000180012ac0 f i GuMeshFactory.obj
 0001:00011b60       ??0GuMeshFactory@physx@@QEAA@XZ 0000000180012b60 f   GuMeshFactory.obj
 0001:00011d20       ??1GuMeshFactory@physx@@MEAA@XZ 0000000180012d20 f   GuMeshFactory.obj
 0001:00011e10       ??1MeshDataBase@Gu@physx@@UEAA@XZ 0000000180012e10 f i GuMeshFactory.obj
 0001:00011f00       ??1TriangleMeshData@Gu@physx@@UEAA@XZ 0000000180012f00 f i GuMeshFactory.obj
 0001:00011fd0       ??_EGuMeshFactory@physx@@MEAAPEAXI@Z 0000000180012fd0 f i GuMeshFactory.obj
 0001:000120e0       ??_EBV4TriangleData@Gu@physx@@UEAAPEAXI@Z 00000001800130e0 f i GuMeshFactory.obj
 0001:000120e0       ??_GBV4TriangleData@Gu@physx@@UEAAPEAXI@Z 00000001800130e0 f i GuMeshFactory.obj
 0001:00012170       ??_EMeshDataBase@Gu@physx@@UEAAPEAXI@Z 0000000180013170 f i GuMeshFactory.obj
 0001:00012170       ??_GMeshDataBase@Gu@physx@@UEAAPEAXI@Z 0000000180013170 f i GuMeshFactory.obj
 0001:000121e0       ??_ERTreeTriangleData@Gu@physx@@UEAAPEAXI@Z 00000001800131e0 f i GuMeshFactory.obj
 0001:000121e0       ??_GRTreeTriangleData@Gu@physx@@UEAAPEAXI@Z 00000001800131e0 f i GuMeshFactory.obj
 0001:00012290       ??_ETriangleMeshData@Gu@physx@@UEAAPEAXI@Z 0000000180013290 f i GuMeshFactory.obj
 0001:00012290       ??_GTriangleMeshData@Gu@physx@@UEAAPEAXI@Z 0000000180013290 f i GuMeshFactory.obj
 0001:00012300       ?__global_array_delete@@YAXPEAX_K@Z 0000000180013300 f i GuMeshFactory.obj
 0001:00012310       ??_V@YAXPEAX_K@Z           0000000180013310 f i MSVCRT:delete_array_size.obj
 0001:00012310       ?__global_delete@@YAXPEAX_K@Z 0000000180013310 f i GuMeshFactory.obj
 0001:00012320       ?addBVHStructure@GuMeshFactory@physx@@QEAAXPEAVBVHStructure@Gu@2@_N@Z 0000000180013320 f   GuMeshFactory.obj
 0001:000123a0       ?addConvexMesh@GuMeshFactory@physx@@QEAAXPEAVConvexMesh@Gu@2@_N@Z 00000001800133a0 f   GuMeshFactory.obj
 0001:00012420       ?addFactoryListener@GuMeshFactory@physx@@QEAAXAEAVGuMeshFactoryListener@2@@Z 0000000180013420 f   GuMeshFactory.obj
 0001:00012490       ?addHeightField@GuMeshFactory@physx@@QEAAXPEAVHeightField@Gu@2@_N@Z 0000000180013490 f   GuMeshFactory.obj
 0001:00012510       ?addTriangleMesh@GuMeshFactory@physx@@QEAAXPEAVTriangleMesh@Gu@2@_N@Z 0000000180013510 f   GuMeshFactory.obj
 0001:00012590       ?create@?$HashBase@PEAVBVHStructure@Gu@physx@@PEAV123@U?$Hash@PEAVBVHStructure@Gu@physx@@@shdfnd@3@UGetKey@?$HashSetBase@PEAVBVHStructure@Gu@physx@@U?$Hash@PEAVBVHStructure@Gu@physx@@@shdfnd@3@VNonTrackingAllocator@53@$00@internal@53@VNonTrackingAllocator@53@$00@internal@shdfnd@physx@@QEAAPEAPEAVBVHStructure@Gu@4@AEBQEAV564@AEA_N@Z 0000000180013590 f i GuMeshFactory.obj
 0001:00012590       ?create@?$HashBase@PEAVConvexMesh@Gu@physx@@PEAV123@U?$Hash@PEAVConvexMesh@Gu@physx@@@shdfnd@3@UGetKey@?$HashSetBase@PEAVConvexMesh@Gu@physx@@U?$Hash@PEAVConvexMesh@Gu@physx@@@shdfnd@3@VNonTrackingAllocator@53@$00@internal@53@VNonTrackingAllocator@53@$00@internal@shdfnd@physx@@QEAAPEAPEAVConvexMesh@Gu@4@AEBQEAV564@AEA_N@Z 0000000180013590 f i GuMeshFactory.obj
 0001:00012590       ?create@?$HashBase@PEAVHeightField@Gu@physx@@PEAV123@U?$Hash@PEAVHeightField@Gu@physx@@@shdfnd@3@UGetKey@?$HashSetBase@PEAVHeightField@Gu@physx@@U?$Hash@PEAVHeightField@Gu@physx@@@shdfnd@3@VNonTrackingAllocator@53@$00@internal@53@VNonTrackingAllocator@53@$00@internal@shdfnd@physx@@QEAAPEAPEAVHeightField@Gu@4@AEBQEAV564@AEA_N@Z 0000000180013590 f i GuMeshFactory.obj
 0001:00012590       ?create@?$HashBase@PEAVTriangleMesh@Gu@physx@@PEAV123@U?$Hash@PEAVTriangleMesh@Gu@physx@@@shdfnd@3@UGetKey@?$HashSetBase@PEAVTriangleMesh@Gu@physx@@U?$Hash@PEAVTriangleMesh@Gu@physx@@@shdfnd@3@VNonTrackingAllocator@53@$00@internal@53@VNonTrackingAllocator@53@$00@internal@shdfnd@physx@@QEAAPEAPEAVTriangleMesh@Gu@4@AEBQEAV564@AEA_N@Z 0000000180013590 f i GuMeshFactory.obj
 0001:00012720       ?createBVHStructure@GuMeshFactory@physx@@IEAAPEAVPxBVHStructure@2@AEAUBVHStructureData@Gu@2@@Z 0000000180013720 f   GuMeshFactory.obj
 0001:00012830       ?createBVHStructure@GuMeshFactory@physx@@QEAAPEAVPxBVHStructure@2@AEAVPxInputStream@2@@Z 0000000180013830 f   GuMeshFactory.obj
 0001:00012970       ?createBVHStructure@GuMeshFactory@physx@@QEAAPEAVPxBVHStructure@2@PEAX@Z 0000000180013970 f   GuMeshFactory.obj
 0001:00012980       ?createConvexMesh@GuMeshFactory@physx@@IEAAPEAVPxConvexMesh@2@AEAUConvexHullInitData@Gu@2@@Z 0000000180013980 f   GuMeshFactory.obj
 0001:00012ab0       ?createConvexMesh@GuMeshFactory@physx@@QEAAPEAVPxConvexMesh@2@AEAVPxInputStream@2@@Z 0000000180013ab0 f   GuMeshFactory.obj
 0001:00012c10       ?createConvexMesh@GuMeshFactory@physx@@QEAAPEAVPxConvexMesh@2@PEAX@Z 0000000180013c10 f   GuMeshFactory.obj
 0001:00012c20       ?createHeightField@GuMeshFactory@physx@@QEAAPEAVPxHeightField@2@AEAVPxInputStream@2@@Z 0000000180013c20 f   GuMeshFactory.obj
 0001:00012d70       ?createHeightField@GuMeshFactory@physx@@QEAAPEAVPxHeightField@2@PEAX@Z 0000000180013d70 f   GuMeshFactory.obj
 0001:00012ea0       ?createTriangleMesh@GuMeshFactory@physx@@IEAAPEAVPxTriangleMesh@2@AEAVTriangleMeshData@Gu@2@@Z 0000000180013ea0 f   GuMeshFactory.obj
 0001:000130c0       ?createTriangleMesh@GuMeshFactory@physx@@QEAAPEAVPxTriangleMesh@2@AEAVPxInputStream@2@@Z 00000001800140c0 f   GuMeshFactory.obj
 0001:00013120       ?createTriangleMesh@GuMeshFactory@physx@@QEAAPEAVPxTriangleMesh@2@PEAX@Z 0000000180014120 f   GuMeshFactory.obj
 0001:00013130       ?erase@?$HashBase@PEAVBVHStructure@Gu@physx@@PEAV123@U?$Hash@PEAVBVHStructure@Gu@physx@@@shdfnd@3@UGetKey@?$HashSetBase@PEAVBVHStructure@Gu@physx@@U?$Hash@PEAVBVHStructure@Gu@physx@@@shdfnd@3@VNonTrackingAllocator@53@$00@internal@53@VNonTrackingAllocator@53@$00@internal@shdfnd@physx@@QEAA_NAEBQEAVBVHStructure@Gu@4@@Z 0000000180014130 f i GuMeshFactory.obj
 0001:00013130       ?erase@?$HashBase@PEAVConvexMesh@Gu@physx@@PEAV123@U?$Hash@PEAVConvexMesh@Gu@physx@@@shdfnd@3@UGetKey@?$HashSetBase@PEAVConvexMesh@Gu@physx@@U?$Hash@PEAVConvexMesh@Gu@physx@@@shdfnd@3@VNonTrackingAllocator@53@$00@internal@53@VNonTrackingAllocator@53@$00@internal@shdfnd@physx@@QEAA_NAEBQEAVConvexMesh@Gu@4@@Z 0000000180014130 f i GuMeshFactory.obj
 0001:00013130       ?erase@?$HashBase@PEAVHeightField@Gu@physx@@PEAV123@U?$Hash@PEAVHeightField@Gu@physx@@@shdfnd@3@UGetKey@?$HashSetBase@PEAVHeightField@Gu@physx@@U?$Hash@PEAVHeightField@Gu@physx@@@shdfnd@3@VNonTrackingAllocator@53@$00@internal@53@VNonTrackingAllocator@53@$00@internal@shdfnd@physx@@QEAA_NAEBQEAVHeightField@Gu@4@@Z 0000000180014130 f i GuMeshFactory.obj
 0001:00013130       ?erase@?$HashBase@PEAVTriangleMesh@Gu@physx@@PEAV123@U?$Hash@PEAVTriangleMesh@Gu@physx@@@shdfnd@3@UGetKey@?$HashSetBase@PEAVTriangleMesh@Gu@physx@@U?$Hash@PEAVTriangleMesh@Gu@physx@@@shdfnd@3@VNonTrackingAllocator@53@$00@internal@53@VNonTrackingAllocator@53@$00@internal@shdfnd@physx@@QEAA_NAEBQEAVTriangleMesh@Gu@4@@Z 0000000180014130 f i GuMeshFactory.obj
 0001:000132b0       ?getBVHStructures@GuMeshFactory@physx@@QEBAIPEAPEAVPxBVHStructure@2@II@Z 00000001800142b0 f   GuMeshFactory.obj
 0001:00013350       ?getConvexMeshes@GuMeshFactory@physx@@QEBAIPEAPEAVPxConvexMesh@2@II@Z 0000000180014350 f   GuMeshFactory.obj
 0001:000133e0       ?getHeightFields@GuMeshFactory@physx@@QEBAIPEAPEAVPxHeightField@2@II@Z 00000001800143e0 f   GuMeshFactory.obj
 0001:00013480       ?getNbBVHStructures@GuMeshFactory@physx@@QEBAIXZ 0000000180014480 f   GuMeshFactory.obj
 0001:000134c0       ?getNbConvexMeshes@GuMeshFactory@physx@@QEBAIXZ 00000001800144c0 f   GuMeshFactory.obj
 0001:00013500       ?getNbHeightFields@GuMeshFactory@physx@@QEBAIXZ 0000000180014500 f   GuMeshFactory.obj
 0001:00013540       ?getNbTriangleMeshes@GuMeshFactory@physx@@QEBAIXZ 0000000180014540 f   GuMeshFactory.obj
 0001:00013580       ?getTriangleMeshes@GuMeshFactory@physx@@QEBAIPEAPEAVPxTriangleMesh@2@II@Z 0000000180014580 f   GuMeshFactory.obj
 0001:00013610       ?growAndPushBack@?$Array@PEAVGuMeshFactoryListener@physx@@VNamedAllocator@shdfnd@2@@shdfnd@physx@@IEAAAEAPEAVGuMeshFactoryListener@3@AEBQEAV43@@Z 0000000180014610 f i GuMeshFactory.obj
 0001:00014570       ?notifyFactoryListener@GuMeshFactory@physx@@QEAAXPEBVPxBase@2@G@Z 0000000180015570 f   GuMeshFactory.obj
 0001:000145e0       ?release@GuMeshFactory@physx@@QEAAXXZ 00000001800155e0 f   GuMeshFactory.obj
 0001:00014690       ?removeBVHStructure@GuMeshFactory@physx@@QEAA_NAEAVPxBVHStructure@2@@Z 0000000180015690 f   GuMeshFactory.obj
 0001:000146e0       ?removeConvexMesh@GuMeshFactory@physx@@QEAA_NAEAVPxConvexMesh@2@@Z 00000001800156e0 f   GuMeshFactory.obj
 0001:00014730       ?removeFactoryListener@GuMeshFactory@physx@@QEAAXAEAVGuMeshFactoryListener@2@@Z 0000000180015730 f   GuMeshFactory.obj
 0001:000147c0       ?removeHeightField@GuMeshFactory@physx@@QEAA_NAEAVPxHeightField@2@@Z 00000001800157c0 f   GuMeshFactory.obj
 0001:00014810       ?removeTriangleMesh@GuMeshFactory@physx@@QEAA_NAEAVPxTriangleMesh@2@@Z 0000000180015810 f   GuMeshFactory.obj
 0001:00014860       ?reserveInternal@?$HashBase@PEAVBVHStructure@Gu@physx@@PEAV123@U?$Hash@PEAVBVHStructure@Gu@physx@@@shdfnd@3@UGetKey@?$HashSetBase@PEAVBVHStructure@Gu@physx@@U?$Hash@PEAVBVHStructure@Gu@physx@@@shdfnd@3@VNonTrackingAllocator@53@$00@internal@53@VNonTrackingAllocator@53@$00@internal@shdfnd@physx@@AEAAXI@Z 0000000180015860 f i GuMeshFactory.obj
 0001:00014860       ?reserveInternal@?$HashBase@PEAVConvexMesh@Gu@physx@@PEAV123@U?$Hash@PEAVConvexMesh@Gu@physx@@@shdfnd@3@UGetKey@?$HashSetBase@PEAVConvexMesh@Gu@physx@@U?$Hash@PEAVConvexMesh@Gu@physx@@@shdfnd@3@VNonTrackingAllocator@53@$00@internal@53@VNonTrackingAllocator@53@$00@internal@shdfnd@physx@@AEAAXI@Z 0000000180015860 f i GuMeshFactory.obj
 0001:00014860       ?reserveInternal@?$HashBase@PEAVHeightField@Gu@physx@@PEAV123@U?$Hash@PEAVHeightField@Gu@physx@@@shdfnd@3@UGetKey@?$HashSetBase@PEAVHeightField@Gu@physx@@U?$Hash@PEAVHeightField@Gu@physx@@@shdfnd@3@VNonTrackingAllocator@53@$00@internal@53@VNonTrackingAllocator@53@$00@internal@shdfnd@physx@@AEAAXI@Z 0000000180015860 f i GuMeshFactory.obj
 0001:00014860       ?reserveInternal@?$HashBase@PEAVTriangleMesh@Gu@physx@@PEAV123@U?$Hash@PEAVTriangleMesh@Gu@physx@@@shdfnd@3@UGetKey@?$HashSetBase@PEAVTriangleMesh@Gu@physx@@U?$Hash@PEAVTriangleMesh@Gu@physx@@@shdfnd@3@VNonTrackingAllocator@53@$00@internal@53@VNonTrackingAllocator@53@$00@internal@shdfnd@physx@@AEAAXI@Z 0000000180015860 f i GuMeshFactory.obj
 0001:00014a30       ??4BigConvexData@physx@@QEAAAEAV01@AEBV01@@Z 0000000180015a30 f i GuMetaData.obj
 0001:00014a50       ?GetAdjacentVerts@BigConvexData@physx@@QEBAPEBEXZ 0000000180015a50 f i GuMetaData.obj
 0001:00014a60       ?GetNbNeighbors@BigConvexData@physx@@QEBAGI@Z 0000000180015a60 f i GuMetaData.obj
 0001:00014a60       ?GetValency@BigConvexData@physx@@QEBAGI@Z 0000000180015a60 f i GuMetaData.obj
 0001:00014a70       ?GetNbSamples@BigConvexData@physx@@QEBAIXZ 0000000180015a70 f i GuMetaData.obj
 0001:00014a80       ?GetNbVerts@BigConvexData@physx@@QEBAIXZ 0000000180015a80 f i GuMetaData.obj
 0001:00014a90       ?GetNeighbors@BigConvexData@physx@@QEBAPEBEI@Z 0000000180015a90 f i GuMetaData.obj
 0001:00014aa0       ?GetOffset@BigConvexData@physx@@QEBAGI@Z 0000000180015aa0 f i GuMetaData.obj
 0001:00014ab0       ?GetSubdiv@BigConvexData@physx@@QEBAIXZ 0000000180015ab0 f i GuMetaData.obj
 0001:00014ac0       ?getBinaryMetaData@BV4Tree@Gu@physx@@SAXAEAVPxOutputStream@3@@Z 0000000180015ac0 f   GuMetaData.obj
 0001:00014e50       ?getBinaryMetaData@BV4TriangleMesh@Gu@physx@@SAXAEAVPxOutputStream@3@@Z 0000000180015e50 f   GuMetaData.obj
 0001:00015130       ?getBinaryMetaData@BigConvexData@physx@@SAXAEAVPxOutputStream@2@@Z 0000000180016130 f   GuMetaData.obj
 0001:000153f0       ?getBinaryMetaData@ConvexMesh@Gu@physx@@SAXAEAVPxOutputStream@3@@Z 00000001800163f0 f   GuMetaData.obj
 0001:00015a80       ?getBinaryMetaData@GeometryUnion@Gu@physx@@SAXAEAVPxOutputStream@3@@Z 0000000180016a80 f   GuMetaData.obj
 0001:000160d0       ?getBinaryMetaData@HeightField@Gu@physx@@SAXAEAVPxOutputStream@3@@Z 00000001800170d0 f   GuMetaData.obj
 0001:00016500       ?getBinaryMetaData@MaterialIndicesStruct@physx@@SAXAEAVPxOutputStream@2@@Z 0000000180017500 f   GuMetaData.obj
 0001:000166a0       ?getBinaryMetaData@RTree@Gu@physx@@SAXAEAVPxOutputStream@3@@Z 00000001800176a0 f   GuMetaData.obj
 0001:000169d0       ?getBinaryMetaData@RTreeTriangleMesh@Gu@physx@@SAXAEAVPxOutputStream@3@@Z 00000001800179d0 f   GuMetaData.obj
 0001:00017270       ?getBinaryMetaData@TriangleMesh@Gu@physx@@SAXAEAVPxOutputStream@3@@Z 0000000180018270 f   GuMetaData.obj
 0001:000186e0       ?doSupport@?$SupportLocalImpl@VBoxV@Gu@physx@@@Gu@physx@@UEBA?AT__m128@@AEBT4@@Z 00000001800196e0 f i GuMTD.obj
 0001:00018710       ?doSupport@?$SupportLocalImpl@VBoxV@Gu@physx@@@Gu@physx@@UEBAXAEBT__m128@@AEAT4@1@Z 0000000180019710 f i GuMTD.obj
 0001:00018760       ?populateVerts@?$SupportLocalImpl@VBoxV@Gu@physx@@@Gu@physx@@UEBAXPEBEIPEBVPxVec3@3@PEAT__m128@@@Z 0000000180019760 f i GuMTD.obj
 0001:00018760       ?populateVerts@?$SupportLocalImpl@VConvexHullNoScaleV@Gu@physx@@@Gu@physx@@UEBAXPEBEIPEBVPxVec3@3@PEAT__m128@@@Z 0000000180019760 f i GuMTD.obj
 0001:000187a0       ??_E?$SupportLocalImpl@VBoxV@Gu@physx@@@Gu@physx@@UEAAPEAXI@Z 00000001800197a0 f i GuMTD.obj
 0001:000187a0       ??_E?$SupportLocalImpl@VConvexHullNoScaleV@Gu@physx@@@Gu@physx@@UEAAPEAXI@Z 00000001800197a0 f i GuMTD.obj
 0001:000187a0       ??_E?$SupportLocalImpl@VConvexHullV@Gu@physx@@@Gu@physx@@UEAAPEAXI@Z 00000001800197a0 f i GuMTD.obj
 0001:000187a0       ??_E?$SupportLocalImpl@VTriangleV@Gu@physx@@@Gu@physx@@UEAAPEAXI@Z 00000001800197a0 f i GuPCMContactConvexCommon.obj
 0001:000187a0       ??_G?$SupportLocalImpl@VBoxV@Gu@physx@@@Gu@physx@@UEAAPEAXI@Z 00000001800197a0 f i GuMTD.obj
 0001:000187a0       ??_G?$SupportLocalImpl@VConvexHullNoScaleV@Gu@physx@@@Gu@physx@@UEAAPEAXI@Z 00000001800197a0 f i GuMTD.obj
 0001:000187a0       ??_G?$SupportLocalImpl@VConvexHullV@Gu@physx@@@Gu@physx@@UEAAPEAXI@Z 00000001800197a0 f i GuMTD.obj
 0001:000187a0       ??_G?$SupportLocalImpl@VTriangleV@Gu@physx@@@Gu@physx@@UEAAPEAXI@Z 00000001800197a0 f i GuPCMContactConvexCommon.obj
 0001:00018990       ??_ESupportLocal@Gu@physx@@UEAAPEAXI@Z 0000000180019990 f i GuMTD.obj
 0001:00018990       ??_GSupportLocal@Gu@physx@@UEAAPEAXI@Z 0000000180019990 f i GuMTD.obj
 0001:0001a780       ?doSupport@?$SupportLocalImpl@VConvexHullV@Gu@physx@@@Gu@physx@@UEBA?AT__m128@@AEBT4@@Z 000000018001b780 f i GuMTD.obj
 0001:0001a860       ?doSupport@?$SupportLocalImpl@VConvexHullV@Gu@physx@@@Gu@physx@@UEBAXAEBT__m128@@AEAT4@1@Z 000000018001b860 f i GuMTD.obj
 0001:0001abc0       ?populateVerts@?$SupportLocalImpl@VConvexHullV@Gu@physx@@@Gu@physx@@UEBAXPEBEIPEBVPxVec3@3@PEAT__m128@@@Z 000000018001bbc0 f i GuMTD.obj
 0001:0001ac20       ?doSupport@?$SupportLocalImpl@VConvexHullNoScaleV@Gu@physx@@@Gu@physx@@UEBA?AT__m128@@AEBT4@@Z 000000018001bc20 f i GuMTD.obj
 0001:0001ac70       ?doSupport@?$SupportLocalImpl@VConvexHullNoScaleV@Gu@physx@@@Gu@physx@@UEBAXAEBT__m128@@AEAT4@1@Z 000000018001bc70 f i GuMTD.obj
 0001:0001adf0       ??$gjk@U?$LocalConvex@VCapsuleV@Gu@physx@@@Gu@physx@@U?$LocalConvex@VConvexHullV@Gu@physx@@@23@@Gu@physx@@YA?AW4GjkStatus@01@AEBU?$LocalConvex@VCapsuleV@Gu@physx@@@01@AEBU?$LocalConvex@VConvexHullV@Gu@physx@@@01@AEBT__m128@@2AEAT5@333@Z 000000018001bdf0 f i GuMTD.obj
 0001:0001bb60       ??0MultiplePersistentContactManifold@Gu@physx@@QEAA@XZ 000000018001cb60 f i GuMTD.obj
 0001:0001bbb0       ??0PolygonalBox@Gu@physx@@QEAA@AEBV012@@Z 000000018001cbb0 f i GuMTD.obj
 0001:0001be30       ??0SeparatingAxes@Gu@physx@@QEAA@$$QEAV012@@Z 000000018001ce30 f i GuMTD.obj
 0001:0001be30       ??0SeparatingAxes@Gu@physx@@QEAA@AEBV012@@Z 000000018001ce30 f i GuMTD.obj
 0001:0001bf40       ??0SeparatingAxes@Gu@physx@@QEAA@XZ 000000018001cf40 f i GuMTD.obj
 0001:0001bf50       ??4MultiplePersistentContactManifold@Gu@physx@@QEAAAEAV012@$$QEAV012@@Z 000000018001cf50 f i GuMTD.obj
 0001:0001c260       ??4MultiplePersistentContactManifold@Gu@physx@@QEAAAEAV012@AEBV012@@Z 000000018001d260 f i GuMTD.obj
 0001:0001c280       ??4SeparatingAxes@Gu@physx@@QEAAAEAV012@$$QEAV012@@Z 000000018001d280 f i GuMTD.obj
 0001:0001c280       ??4SeparatingAxes@Gu@physx@@QEAAAEAV012@AEBV012@@Z 000000018001d280 f i GuMTD.obj
 0001:0001c390       ??_E?$LocalConvex@VBoxV@Gu@physx@@@Gu@physx@@UEAAPEAXI@Z 000000018001d390 f i GuSweepTests.obj
 0001:0001c390       ??_E?$LocalConvex@VCapsuleV@Gu@physx@@@Gu@physx@@UEAAPEAXI@Z 000000018001d390 f i GuMTD.obj
 0001:0001c390       ??_E?$LocalConvex@VConvexHullNoScaleV@Gu@physx@@@Gu@physx@@UEAAPEAXI@Z 000000018001d390 f i GuPCMContactBoxConvex.obj
 0001:0001c390       ??_E?$LocalConvex@VConvexHullV@Gu@physx@@@Gu@physx@@UEAAPEAXI@Z 000000018001d390 f i GuMTD.obj
 0001:0001c390       ??_E?$LocalConvex@VTriangleV@Gu@physx@@@Gu@physx@@UEAAPEAXI@Z 000000018001d390 f i GuSweepTests.obj
 0001:0001c390       ??_EGjkConvexBase@Gu@physx@@UEAAPEAXI@Z 000000018001d390 f i GuMTD.obj
 0001:0001c390       ??_G?$LocalConvex@VBoxV@Gu@physx@@@Gu@physx@@UEAAPEAXI@Z 000000018001d390 f i GuSweepTests.obj
 0001:0001c390       ??_G?$LocalConvex@VCapsuleV@Gu@physx@@@Gu@physx@@UEAAPEAXI@Z 000000018001d390 f i GuMTD.obj
 0001:0001c390       ??_G?$LocalConvex@VConvexHullNoScaleV@Gu@physx@@@Gu@physx@@UEAAPEAXI@Z 000000018001d390 f i GuPCMContactBoxConvex.obj
 0001:0001c390       ??_G?$LocalConvex@VConvexHullV@Gu@physx@@@Gu@physx@@UEAAPEAXI@Z 000000018001d390 f i GuMTD.obj
 0001:0001c390       ??_G?$LocalConvex@VTriangleV@Gu@physx@@@Gu@physx@@UEAAPEAXI@Z 000000018001d390 f i GuSweepTests.obj
 0001:0001c390       ??_GGjkConvexBase@Gu@physx@@UEAAPEAXI@Z 000000018001d390 f i GuMTD.obj
 0001:0001cb10       ?clearManifold@MultiplePersistentContactManifold@Gu@physx@@QEAAXXZ 000000018001db10 f i GuMTD.obj
 0001:00020440       ?getAxes@SeparatingAxes@Gu@physx@@QEBAPEBVPxVec3@3@XZ 0000000180021440 f i GuMTD.obj
 0001:00020450       ?getCenter@?$LocalConvex@VBoxV@Gu@physx@@@Gu@physx@@UEBA?AT__m128@@XZ 0000000180021450 f i GuSweepTests.obj
 0001:00020450       ?getCenter@?$LocalConvex@VCapsuleV@Gu@physx@@@Gu@physx@@UEBA?AT__m128@@XZ 0000000180021450 f i GuMTD.obj
 0001:00020450       ?getCenter@?$LocalConvex@VConvexHullNoScaleV@Gu@physx@@@Gu@physx@@UEBA?AT__m128@@XZ 0000000180021450 f i GuPCMContactBoxConvex.obj
 0001:00020450       ?getCenter@?$LocalConvex@VConvexHullV@Gu@physx@@@Gu@physx@@UEBA?AT__m128@@XZ 0000000180021450 f i GuMTD.obj
 0001:00020450       ?getCenter@?$LocalConvex@VTriangleV@Gu@physx@@@Gu@physx@@UEBA?AT__m128@@XZ 0000000180021450 f i GuSweepTests.obj
 0001:00020460       ?getEmptyManifold@MultiplePersistentContactManifold@Gu@physx@@QEAAPEAVSinglePersistentContactManifold@23@XZ 0000000180021460 f i GuMTD.obj
 0001:00020480       ?getManifold@MultiplePersistentContactManifold@Gu@physx@@QEAAPEAVSinglePersistentContactManifold@23@I@Z 0000000180021480 f i GuMTD.obj
 0001:000204a0       ?getSweepMargin@?$LocalConvex@VCapsuleV@Gu@physx@@@Gu@physx@@UEBA?AT__m128@@XZ 00000001800214a0 f i GuMTD.obj
 0001:000204a0       ?getSweepMargin@?$RelativeConvex@VCapsuleV@Gu@physx@@@Gu@physx@@UEBA?AT__m128@@XZ 00000001800214a0 f i GuCCDSweepPrimitives.obj
 0001:000204b0       ?getSweepMargin@?$LocalConvex@VBoxV@Gu@physx@@@Gu@physx@@UEBA?AT__m128@@XZ 00000001800214b0 f i GuSweepTests.obj
 0001:000204b0       ?getSweepMargin@?$LocalConvex@VConvexHullNoScaleV@Gu@physx@@@Gu@physx@@UEBA?AT__m128@@XZ 00000001800214b0 f i GuPCMContactBoxConvex.obj
 0001:000204b0       ?getSweepMargin@?$LocalConvex@VConvexHullV@Gu@physx@@@Gu@physx@@UEBA?AT__m128@@XZ 00000001800214b0 f i GuMTD.obj
 0001:000204b0       ?getSweepMargin@?$RelativeConvex@VBoxV@Gu@physx@@@Gu@physx@@UEBA?AT__m128@@XZ 00000001800214b0 f i GuOverlapTests.obj
 0001:000204b0       ?getSweepMargin@?$RelativeConvex@VConvexHullNoScaleV@Gu@physx@@@Gu@physx@@UEBA?AT__m128@@XZ 00000001800214b0 f i GuPCMContactConvexConvex.obj
 0001:000204b0       ?getSweepMargin@?$RelativeConvex@VConvexHullV@Gu@physx@@@Gu@physx@@UEBA?AT__m128@@XZ 00000001800214b0 f i GuOverlapTests.obj
 0001:000204d0       ?hillClimbing@ConvexHullV@Gu@physx@@QEBAIAEBT__m128@@@Z 00000001800214d0 f i GuMTD.obj
 0001:00020700       ?initialize@MultiplePersistentContactManifold@Gu@physx@@QEAAXXZ 0000000180021700 f i GuMTD.obj
 0001:00020760       ?invalidate@MultiplePersistentContactManifold@Gu@physx@@QEAAIAEBVPsTransformV@aos@shdfnd@3@AEBT__m128@@1@Z 0000000180021760 f i GuMTD.obj
 0001:000207e0       ?invalidate@MultiplePersistentContactManifold@Gu@physx@@QEAAIAEBVPsTransformV@aos@shdfnd@3@AEBT__m128@@@Z 00000001800217e0 f i GuMTD.obj
 0001:00020860       ?maxTransformPositionDelta@MultiplePersistentContactManifold@Gu@physx@@QEAA?AT__m128@@AEBT4@@Z 0000000180021860 f i GuMTD.obj
 0001:000208a0       ?maxTransformQuatDelta@MultiplePersistentContactManifold@Gu@physx@@QEAA?AT__m128@@AEBT4@@Z 00000001800218a0 f i GuMTD.obj
 0001:000208e0       ?pointConvexDistance@@YA_NAEAVPxVec3@physx@@0AEAMAEBV12@PEBVConvexMesh@Gu@2@AEBVPxMeshScale@2@AEBVPxTransform@2@@Z 00000001800218e0 f   GuMTD.obj
 0001:000216b0       ?reduceManifoldContactsInDifferentPatches@MultiplePersistentContactManifold@Gu@physx@@QEAAIPEAPEAUPCMContactPatch@23@IPEAVMeshPersistentContact@23@IAEBT__m128@@@Z 00000001800226b0 f i GuMTD.obj
 0001:00021820       ?refineContactPatchConnective@MultiplePersistentContactManifold@Gu@physx@@QEAAXPEAPEAUPCMContactPatch@23@IPEAVMeshPersistentContact@23@AEBT__m128@@@Z 0000000180022820 f i GuMTD.obj
 0001:00021910       ?refreshManifold@MultiplePersistentContactManifold@Gu@physx@@QEAAXAEBVPsMatTransformV@aos@shdfnd@3@AEBT__m128@@1@Z 0000000180022910 f i GuMTD.obj
 0001:00021a10       ?reset@SeparatingAxes@Gu@physx@@QEAAXXZ 0000000180022a10 f i GuMTD.obj
 0001:00021a20       ?setRelativeTransform@MultiplePersistentContactManifold@Gu@physx@@QEAAXAEBVPsTransformV@aos@shdfnd@3@@Z 0000000180022a20 f i GuMTD.obj
 0001:00021a30       ?support@?$LocalConvex@VCapsuleV@Gu@physx@@@Gu@physx@@UEBA?AT__m128@@AEBT4@@Z 0000000180022a30 f i GuMTD.obj
 0001:00021a90       ?support@?$LocalConvex@VCapsuleV@Gu@physx@@@Gu@physx@@UEBA?AT__m128@@AEBT4@AEAH@Z 0000000180022a90 f i GuMTD.obj
 0001:00021b00       ?support@?$LocalConvex@VConvexHullV@Gu@physx@@@Gu@physx@@UEBA?AT__m128@@AEBT4@@Z 0000000180022b00 f i GuMTD.obj
 0001:00021be0       ?support@?$LocalConvex@VConvexHullV@Gu@physx@@@Gu@physx@@UEBA?AT__m128@@AEBT4@AEAH@Z 0000000180022be0 f i GuMTD.obj
 0001:00021cb0       ?supportPoint@?$LocalConvex@VCapsuleV@Gu@physx@@@Gu@physx@@UEBA?AT__m128@@H@Z 0000000180022cb0 f i GuMTD.obj
 0001:00021ce0       ?supportPoint@?$LocalConvex@VConvexHullV@Gu@physx@@@Gu@physx@@UEBA?AT__m128@@H@Z 0000000180022ce0 f i GuMTD.obj
 0001:00021d30       ?supportVertexIndex@ConvexHullV@Gu@physx@@QEBAIAEBT__m128@@@Z 0000000180022d30 f i GuMTD.obj
 0001:00021fb0       ?toBuffer@MultiplePersistentContactManifold@Gu@physx@@QEAAXPEIAE@Z 0000000180022fb0 f i GuMTD.obj
 0001:00022090       ?supportPoint@?$RelativeConvex@VBoxV@Gu@physx@@@Gu@physx@@UEBA?AT__m128@@H@Z 0000000180023090 f i GuOverlapTests.obj
 0001:00022100       ?support@?$RelativeConvex@VBoxV@Gu@physx@@@Gu@physx@@UEBA?AT__m128@@AEBT4@@Z 0000000180023100 f i GuOverlapTests.obj
 0001:00022180       ?support@?$RelativeConvex@VBoxV@Gu@physx@@@Gu@physx@@UEBA?AT__m128@@AEBT4@AEAH@Z 0000000180023180 f i GuOverlapTests.obj
 0001:00022210       ?getCenter@?$RelativeConvex@VBoxV@Gu@physx@@@Gu@physx@@UEBA?AT__m128@@XZ 0000000180023210 f i GuOverlapTests.obj
 0001:00022210       ?getCenter@?$RelativeConvex@VCapsuleV@Gu@physx@@@Gu@physx@@UEBA?AT__m128@@XZ 0000000180023210 f i GuCCDSweepPrimitives.obj
 0001:00022210       ?getCenter@?$RelativeConvex@VConvexHullNoScaleV@Gu@physx@@@Gu@physx@@UEBA?AT__m128@@XZ 0000000180023210 f i GuPCMContactConvexConvex.obj
 0001:00022210       ?getCenter@?$RelativeConvex@VConvexHullV@Gu@physx@@@Gu@physx@@UEBA?AT__m128@@XZ 0000000180023210 f i GuOverlapTests.obj
 0001:00022210       ?getCenter@?$RelativeConvex@VTriangleV@Gu@physx@@@Gu@physx@@UEBA?AT__m128@@XZ 0000000180023210 f i GuCCDSweepPrimitives.obj
 0001:00022250       ??_E?$RelativeConvex@VBoxV@Gu@physx@@@Gu@physx@@UEAAPEAXI@Z 0000000180023250 f i GuOverlapTests.obj
 0001:00022250       ??_E?$RelativeConvex@VCapsuleV@Gu@physx@@@Gu@physx@@UEAAPEAXI@Z 0000000180023250 f i GuCCDSweepPrimitives.obj
 0001:00022250       ??_E?$RelativeConvex@VConvexHullNoScaleV@Gu@physx@@@Gu@physx@@UEAAPEAXI@Z 0000000180023250 f i GuPCMContactConvexConvex.obj
 0001:00022250       ??_E?$RelativeConvex@VConvexHullV@Gu@physx@@@Gu@physx@@UEAAPEAXI@Z 0000000180023250 f i GuOverlapTests.obj
 0001:00022250       ??_E?$RelativeConvex@VTriangleV@Gu@physx@@@Gu@physx@@UEAAPEAXI@Z 0000000180023250 f i GuCCDSweepPrimitives.obj
 0001:00022250       ??_G?$RelativeConvex@VBoxV@Gu@physx@@@Gu@physx@@UEAAPEAXI@Z 0000000180023250 f i GuOverlapTests.obj
 0001:00022250       ??_G?$RelativeConvex@VCapsuleV@Gu@physx@@@Gu@physx@@UEAAPEAXI@Z 0000000180023250 f i GuCCDSweepPrimitives.obj
 0001:00022250       ??_G?$RelativeConvex@VConvexHullNoScaleV@Gu@physx@@@Gu@physx@@UEAAPEAXI@Z 0000000180023250 f i GuPCMContactConvexConvex.obj
 0001:00022250       ??_G?$RelativeConvex@VConvexHullV@Gu@physx@@@Gu@physx@@UEAAPEAXI@Z 0000000180023250 f i GuOverlapTests.obj
 0001:00022250       ??_G?$RelativeConvex@VTriangleV@Gu@physx@@@Gu@physx@@UEAAPEAXI@Z 0000000180023250 f i GuCCDSweepPrimitives.obj
 0001:000243f0       ?supportPoint@?$RelativeConvex@VConvexHullV@Gu@physx@@@Gu@physx@@UEBA?AT__m128@@H@Z 00000001800253f0 f i GuOverlapTests.obj
 0001:00024470       ?support@?$RelativeConvex@VConvexHullV@Gu@physx@@@Gu@physx@@UEBA?AT__m128@@AEBT4@@Z 0000000180025470 f i GuOverlapTests.obj
 0001:000245a0       ?support@?$RelativeConvex@VConvexHullV@Gu@physx@@@Gu@physx@@UEBA?AT__m128@@AEBT4@AEAH@Z 00000001800255a0 f i GuOverlapTests.obj
 0001:00024700       ??$gjk@U?$RelativeConvex@VBoxV@Gu@physx@@@Gu@physx@@U?$LocalConvex@VConvexHullV@Gu@physx@@@23@@Gu@physx@@YA?AW4GjkStatus@01@AEBU?$RelativeConvex@VBoxV@Gu@physx@@@01@AEBU?$LocalConvex@VConvexHullV@Gu@physx@@@01@AEBT__m128@@2AEAT5@333@Z 0000000180025700 f i GuOverlapTests.obj
 0001:000254c0       ??$gjk@U?$RelativeConvex@VConvexHullV@Gu@physx@@@Gu@physx@@U?$LocalConvex@VConvexHullV@Gu@physx@@@23@@Gu@physx@@YA?AW4GjkStatus@01@AEBU?$RelativeConvex@VConvexHullV@Gu@physx@@@01@AEBU?$LocalConvex@VConvexHullV@Gu@physx@@@01@AEBT__m128@@2AEAT5@333@Z 00000001800264c0 f i GuOverlapTests.obj
 0001:00026350       ?ComputeCubemapNearestOffset@physx@@YAIAEBVPxVec3@1@I@Z 0000000180027350 f i GuOverlapTests.obj
 0001:00026450       ?getOverlapFuncTable@Gu@physx@@YAPEAY06Q6A_NAEBVPxGeometry@2@AEBVPxTransform@2@01PEAUTriggerCache@12@@ZXZ 0000000180027450 f   GuOverlapTests.obj
 0001:00027f30       ?registerHeightFields@Gu@physx@@YAXXZ 0000000180028f30 f   GuOverlapTests.obj
 0001:00027f80       ?raycast_capsule@@YAIAEBVPxGeometry@physx@@AEBVPxTransform@2@AEBVPxVec3@2@2MV?$PxFlags@W4Enum@PxHitFlag@physx@@G@2@IPEIAUPxRaycastHit@2@@Z 0000000180028f80 f   GuRaycastTests.obj
 0001:000284e0       ?raycast_plane@@YAIAEBVPxGeometry@physx@@AEBVPxTransform@2@AEBVPxVec3@2@2MV?$PxFlags@W4Enum@PxHitFlag@physx@@G@2@IPEIAUPxRaycastHit@2@@Z 00000001800294e0 f   GuRaycastTests.obj
 0001:00028650       ?raycast_convexMesh@@YAIAEBVPxGeometry@physx@@AEBVPxTransform@2@AEBVPxVec3@2@2MV?$PxFlags@W4Enum@PxHitFlag@physx@@G@2@IPEIAUPxRaycastHit@2@@Z 0000000180029650 f   GuRaycastTests.obj
 0001:00029180       ?raycast_triangleMesh@@YAIAEBVPxGeometry@physx@@AEBVPxTransform@2@AEBVPxVec3@2@2MV?$PxFlags@W4Enum@PxHitFlag@physx@@G@2@IPEIAUPxRaycastHit@2@@Z 000000018002a180 f   GuRaycastTests.obj
 0001:00029240       ?raycast_box@@YAIAEBVPxGeometry@physx@@AEBVPxTransform@2@AEBVPxVec3@2@2MV?$PxFlags@W4Enum@PxHitFlag@physx@@G@2@IPEIAUPxRaycastHit@2@@Z 000000018002a240 f   GuRaycastTests.obj
 0001:00029870       ?raycast_sphere@@YAIAEBVPxGeometry@physx@@AEBVPxTransform@2@AEBVPxVec3@2@2MV?$PxFlags@W4Enum@PxHitFlag@physx@@G@2@IPEIAUPxRaycastHit@2@@Z 000000018002a870 f   GuRaycastTests.obj
 0001:0002ac60       ??Dphysx@@YA?AVMatrix34@Cm@0@AEBVPxMeshScale@0@AEBVPxTransform@0@@Z 000000018002bc60 f i GuRaycastTests.obj
 0001:0002b8a0       ?getRaycastFuncTable@Gu@physx@@YAAEAY06Q6AIAEBVPxGeometry@2@AEBVPxTransform@2@AEBVPxVec3@2@2MV?$PxFlags@W4Enum@PxHitFlag@physx@@G@2@IPEIAUPxRaycastHit@2@@ZXZ 000000018002c8a0 f   GuRaycastTests.obj
 0001:0002b8b0       ?raycast_heightField@@YAIAEBVPxGeometry@physx@@AEBVPxTransform@2@AEBVPxVec3@2@2MV?$PxFlags@W4Enum@PxHitFlag@physx@@G@2@IPEIAUPxRaycastHit@2@@Z 000000018002c8b0 f   GuRaycastTests.obj
 0001:0002bff0       ?registerHeightFields_Raycasts@@YAXXZ 000000018002cff0 f   GuRaycastTests.obj
 0001:0002c000       ?ReadHeader@Gu@physx@@YA_NEEEEAEAIAEA_NAEAVPxInputStream@2@@Z 000000018002d000 f   GuSerialize.obj
 0001:0002c160       ?ReadIndices@Gu@physx@@YAXGIPEAGAEAVPxInputStream@2@_N@Z 000000018002d160 f   GuSerialize.obj
 0001:0002c2b0       ?StoreIndices@Gu@physx@@YAXGIPEBGAEAVPxOutputStream@2@_N@Z 000000018002d2b0 f   GuSerialize.obj
 0001:0002c3a0       ?StoreIndices@Gu@physx@@YAXIIPEBIAEAVPxOutputStream@2@_N@Z 000000018002d3a0 f   GuSerialize.obj
 0001:0002c530       ?WriteHeader@Gu@physx@@YA_NEEEEI_NAEAVPxOutputStream@2@@Z 000000018002d530 f   GuSerialize.obj
 0001:0002c660       ?computeMaxIndex@physx@@YAGPEBGI@Z 000000018002d660 f   GuSerialize.obj
 0001:0002c690       ?computeMaxIndex@physx@@YAIPEBII@Z 000000018002d690 f   GuSerialize.obj
 0001:0002c6c0       ?readChunk@physx@@YAXAEAC000AEAVPxInputStream@1@@Z 000000018002d6c0 f   GuSerialize.obj
 0001:0002c740       ?readDword@physx@@YAI_NAEAVPxInputStream@1@@Z 000000018002d740 f   GuSerialize.obj
 0001:0002c7a0       ?readFloat@physx@@YAM_NAEAVPxInputStream@1@@Z 000000018002d7a0 f   GuSerialize.obj
 0001:0002c800       ?readFloatBuffer@physx@@YA_NPEAMI_NAEAVPxInputStream@1@@Z 000000018002d800 f   GuSerialize.obj
 0001:0002c880       ?readHeader@physx@@YA_NCCCCAEAIAEA_NAEAVPxInputStream@1@@Z 000000018002d880 f   GuSerialize.obj
 0001:0002c9d0       ?readIndices@physx@@YAXIIPEAIAEAVPxInputStream@1@_N@Z 000000018002d9d0 f   GuSerialize.obj
 0001:0002cb00       ?readWord@physx@@YAG_NAEAVPxInputStream@1@@Z 000000018002db00 f   GuSerialize.obj
 0001:0002cb40       ?readWordBuffer@physx@@YAXPEAGI_NAEAVPxInputStream@1@@Z 000000018002db40 f   GuSerialize.obj
 0001:0002cbb0       ?storeIndices@physx@@YAXIIPEBIAEAVPxOutputStream@1@_N@Z 000000018002dbb0 f   GuSerialize.obj
 0001:0002ccd0       ?writeDword@physx@@YAXI_NAEAVPxOutputStream@1@@Z 000000018002dcd0 f   GuSerialize.obj
 0001:0002cd20       ?writeFloat@physx@@YAXM_NAEAVPxOutputStream@1@@Z 000000018002dd20 f   GuSerialize.obj
 0001:0002cd70       ?writeFloatBuffer@physx@@YAXPEBMI_NAEAVPxOutputStream@1@@Z 000000018002dd70 f   GuSerialize.obj
 0001:0002ce10       ?writeHeader@physx@@YA_NCCCCI_NAEAVPxOutputStream@1@@Z 000000018002de10 f   GuSerialize.obj
 0001:0002cf40       ?writeWord@physx@@YAXG_NAEAVPxOutputStream@1@@Z 000000018002df40 f   GuSerialize.obj
 0001:0002cf80       ?writeWordBuffer@physx@@YAXPEBGI_NAEAVPxOutputStream@1@@Z 000000018002df80 f   GuSerialize.obj
 0001:0002d000       ??Dphysx@@YA?AVMatrix34@Cm@0@AEBVPxTransform@0@AEBVPxMeshScale@0@@Z 000000018002e000 f i GuSweepMTD.obj
 0001:0002d650       ??_E?$MeshHitCallback@UPxRaycastHit@physx@@@Gu@physx@@UEAAPEAXI@Z 000000018002e650 f i GuSweepMTD.obj
 0001:0002d650       ??_G?$MeshHitCallback@UPxRaycastHit@physx@@@Gu@physx@@UEAAPEAXI@Z 000000018002e650 f i GuSweepMTD.obj
 0001:0002d680       ??_EMeshMTDGenerationCallback@@UEAAPEAXI@Z 000000018002e680 f i GuSweepMTD.obj
 0001:0002d680       ??_GMeshMTDGenerationCallback@@UEAAPEAXI@Z 000000018002e680 f i GuSweepMTD.obj
 0001:0002d6b0       ??_EMidPhaseQueryLocalReport@@UEAAPEAXI@Z 000000018002e6b0 f i GuSweepMTD.obj
 0001:0002d6b0       ??_GMidPhaseQueryLocalReport@@UEAAPEAXI@Z 000000018002e6b0 f i GuSweepMTD.obj
 0001:0002d6e0       ?computeBox_HeightFieldMTD@Gu@physx@@YA_NAEBVPxHeightFieldGeometry@2@AEBVPxTransform@2@AEBVBox@12@1M_NIAEAUPxSweepHit@2@@Z 000000018002e6e0 f   GuSweepMTD.obj
 0001:0002e570       ?computeBox_TriangleMeshMTD@Gu@physx@@YA_NAEBVPxTriangleMeshGeometry@2@AEBVPxTransform@2@AEBVBox@12@1M_NAEAUPxSweepHit@2@@Z 000000018002f570 f   GuSweepMTD.obj
 0001:0002f200       ?computeCapsule_CapsuleMTD@Gu@physx@@YA_NAEBVCapsule@12@0AEAUPxSweepHit@2@@Z 0000000180030200 f   GuSweepMTD.obj
 0001:0002f440       ?computeCapsule_HeightFieldMTD@Gu@physx@@YA_NAEBVPxHeightFieldGeometry@2@AEBVPxTransform@2@AEAVCapsuleV@12@M_NIAEAUPxSweepHit@2@@Z 0000000180030440 f   GuSweepMTD.obj
 0001:0002fc90       ?computeCapsule_TriangleMeshMTD@Gu@physx@@YA_NAEBVPxTriangleMeshGeometry@2@AEBVPxTransform@2@AEAVCapsuleV@12@M_NAEAUPxSweepHit@2@@Z 0000000180030c90 f   GuSweepMTD.obj
 0001:00030560       ?computeConvex_HeightFieldMTD@Gu@physx@@YA_NAEBVPxHeightFieldGeometry@2@AEBVPxTransform@2@AEBVPxConvexMeshGeometry@2@1M_NIAEAUPxSweepHit@2@@Z 0000000180031560 f   GuSweepMTD.obj
 0001:00031900       ?computeConvex_TriangleMeshMTD@Gu@physx@@YA_NAEBVPxTriangleMeshGeometry@2@AEBVPxTransform@2@AEBVPxConvexMeshGeometry@2@1M_NAEAUPxSweepHit@2@@Z 0000000180032900 f   GuSweepMTD.obj
 0001:00032b90       ?computePlane_BoxMTD@Gu@physx@@YA_NAEBVPxPlane@2@AEBVBox@12@AEAUPxSweepHit@2@@Z 0000000180033b90 f   GuSweepMTD.obj
 0001:00032e30       ?computePlane_CapsuleMTD@Gu@physx@@YA_NAEBVPxPlane@2@AEBVCapsule@12@AEAUPxSweepHit@2@@Z 0000000180033e30 f   GuSweepMTD.obj
 0001:00032f40       ?computePlane_ConvexMTD@Gu@physx@@YA_NAEBVPxPlane@2@AEBVPxConvexMeshGeometry@2@AEBVPxTransform@2@AEAUPxSweepHit@2@@Z 0000000180033f40 f   GuSweepMTD.obj
 0001:00033b00       ?computeSphere_CapsuleMTD@Gu@physx@@YA_NAEBVSphere@12@AEBVCapsule@12@AEAUPxSweepHit@2@@Z 0000000180034b00 f   GuSweepMTD.obj
 0001:00033cb0       ?computeSphere_SphereMTD@Gu@physx@@YA_NAEBVSphere@12@0AEAUPxSweepHit@2@@Z 0000000180034cb0 f   GuSweepMTD.obj
 0001:00033da0       ?getInverse@PxMat33@physx@@QEBA?BV12@XZ 0000000180034da0 f i GuSweepMTD.obj
 0001:00033ff0       ?growAndPushBack@?$Array@IVNamedAllocator@shdfnd@physx@@@shdfnd@physx@@IEAAAEAIAEBI@Z 0000000180034ff0 f i GuSweepMTD.obj
 0001:000340e0       ?init@FastVertex2ShapeScaling@Cm@physx@@QEAAXAEBVPxVec3@3@AEBVPxQuat@3@@Z 00000001800350e0 f i GuSweepMTD.obj
 0001:000344d0       ?onEvent@MidPhaseQueryLocalReport@@UEAA_NIPEAI@Z 00000001800354d0 f i GuSweepMTD.obj
 0001:00034540       ?processHit@MeshMTDGenerationCallback@@UEAA_NAEBUPxRaycastHit@physx@@AEBVPxVec3@3@11AEAMPEBI@Z 0000000180035540 f i GuSweepMTD.obj
 0001:00034590       ?recreate@?$Array@IVNamedAllocator@shdfnd@physx@@@shdfnd@physx@@IEAAXI@Z 0000000180035590 f i GuSweepMTD.obj
 0001:00034640       ??$gjkPenetration@U?$LocalConvex@VCapsuleV@Gu@physx@@@Gu@physx@@U?$LocalConvex@VConvexHullV@Gu@physx@@@23@@Gu@physx@@YA?AW4GjkStatus@01@AEBU?$LocalConvex@VCapsuleV@Gu@physx@@@01@AEBU?$LocalConvex@VConvexHullV@Gu@physx@@@01@AEBT__m128@@2_NPEIAE4AEAEAEAUGjkOutput@01@@Z 0000000180035640 f i GuSweepSharedTests.obj
 0001:00035c50       ??$gjkPenetration@U?$RelativeConvex@VBoxV@Gu@physx@@@Gu@physx@@U?$LocalConvex@VConvexHullV@Gu@physx@@@23@@Gu@physx@@YA?AW4GjkStatus@01@AEBU?$RelativeConvex@VBoxV@Gu@physx@@@01@AEBU?$LocalConvex@VConvexHullV@Gu@physx@@@01@AEBT__m128@@2_NPEIAE4AEAEAEAUGjkOutput@01@@Z 0000000180036c50 f i GuSweepSharedTests.obj
 0001:000372d0       ??$gjkPenetration@U?$RelativeConvex@VConvexHullV@Gu@physx@@@Gu@physx@@U?$LocalConvex@VConvexHullV@Gu@physx@@@23@@Gu@physx@@YA?AW4GjkStatus@01@AEBU?$RelativeConvex@VConvexHullV@Gu@physx@@@01@AEBU?$LocalConvex@VConvexHullV@Gu@physx@@@01@AEBT__m128@@2_NPEIAE4AEAEAEAUGjkOutput@01@@Z 00000001800382d0 f i GuSweepSharedTests.obj
 0001:000389a0       ??$gjkRaycast@U?$LocalConvex@VCapsuleV@Gu@physx@@@Gu@physx@@U?$LocalConvex@VConvexHullV@Gu@physx@@@23@@Gu@physx@@YA_NAEBU?$LocalConvex@VCapsuleV@Gu@physx@@@01@AEBU?$LocalConvex@VConvexHullV@Gu@physx@@@01@AEBT__m128@@222AEAT4@33M@Z 00000001800399a0 f i GuSweepSharedTests.obj
 0001:00039700       ??$gjkRaycast@U?$RelativeConvex@VBoxV@Gu@physx@@@Gu@physx@@U?$LocalConvex@VConvexHullV@Gu@physx@@@23@@Gu@physx@@YA_NAEBU?$RelativeConvex@VBoxV@Gu@physx@@@01@AEBU?$LocalConvex@VConvexHullV@Gu@physx@@@01@AEBT__m128@@222AEAT4@33M@Z 000000018003a700 f i GuSweepSharedTests.obj
 0001:0003a500       ??$gjkRaycast@U?$RelativeConvex@VConvexHullV@Gu@physx@@@Gu@physx@@U?$LocalConvex@VConvexHullV@Gu@physx@@@23@@Gu@physx@@YA_NAEBU?$RelativeConvex@VConvexHullV@Gu@physx@@@01@AEBU?$LocalConvex@VConvexHullV@Gu@physx@@@01@AEBT__m128@@222AEAT4@33M@Z 000000018003b500 f i GuSweepSharedTests.obj
 0001:0003b2f0       ??$gjkRaycastPenetration@U?$RelativeConvex@VConvexHullV@Gu@physx@@@Gu@physx@@U?$LocalConvex@VConvexHullV@Gu@physx@@@23@@Gu@physx@@YA_NAEBU?$RelativeConvex@VConvexHullV@Gu@physx@@@01@AEBU?$LocalConvex@VConvexHullV@Gu@physx@@@01@AEBT__m128@@222AEAT4@33M_N@Z 000000018003c2f0 f i GuSweepSharedTests.obj
 0001:0003bec0       ?sweepBox_ConvexGeom@@YA_NAEBVPxGeometry@physx@@AEBVPxTransform@2@AEBVPxBoxGeometry@2@1AEBVBox@Gu@2@AEBVPxVec3@2@MAEAUPxSweepHit@2@V?$PxFlags@W4Enum@PxHitFlag@physx@@G@2@M@Z 000000018003cec0 f   GuSweepSharedTests.obj
 0001:0003ccf0       ?sweepBox_PlaneGeom@@YA_NAEBVPxGeometry@physx@@AEBVPxTransform@2@AEBVPxBoxGeometry@2@1AEBVBox@Gu@2@AEBVPxVec3@2@MAEAUPxSweepHit@2@V?$PxFlags@W4Enum@PxHitFlag@physx@@G@2@M@Z 000000018003dcf0 f   GuSweepSharedTests.obj
 0001:0003d0d0       ?sweepCapsuleTriangles@Gu@physx@@YA_NIPEBVPxTriangle@2@_NAEBVPxCapsuleGeometry@2@AEBVPxTransform@2@AEBVPxVec3@2@MAEAUPxSweepHit@2@PEBIMV?$PxFlags@W4Enum@PxHitFlag@physx@@G@2@@Z 000000018003e0d0 f   GuSweepSharedTests.obj
 0001:0003d2c0       ?sweepCapsule_CapsuleGeom@@YA_NAEBVPxGeometry@physx@@AEBVPxTransform@2@AEBVPxCapsuleGeometry@2@1AEBVCapsule@Gu@2@AEBVPxVec3@2@MAEAUPxSweepHit@2@V?$PxFlags@W4Enum@PxHitFlag@physx@@G@2@M@Z 000000018003e2c0 f   GuSweepSharedTests.obj
 0001:0003d4a0       ?sweepCapsule_ConvexGeom@@YA_NAEBVPxGeometry@physx@@AEBVPxTransform@2@AEBVPxCapsuleGeometry@2@1AEBVCapsule@Gu@2@AEBVPxVec3@2@MAEAUPxSweepHit@2@V?$PxFlags@W4Enum@PxHitFlag@physx@@G@2@M@Z 000000018003e4a0 f   GuSweepSharedTests.obj
 0001:0003e1f0       ?sweepCapsule_PlaneGeom@@YA_NAEBVPxGeometry@physx@@AEBVPxTransform@2@AEBVPxCapsuleGeometry@2@1AEBVCapsule@Gu@2@AEBVPxVec3@2@MAEAUPxSweepHit@2@V?$PxFlags@W4Enum@PxHitFlag@physx@@G@2@M@Z 000000018003f1f0 f   GuSweepSharedTests.obj
 0001:0003e4d0       ?sweepCapsule_SphereGeom@@YA_NAEBVPxGeometry@physx@@AEBVPxTransform@2@AEBVPxCapsuleGeometry@2@1AEBVCapsule@Gu@2@AEBVPxVec3@2@MAEAUPxSweepHit@2@V?$PxFlags@W4Enum@PxHitFlag@physx@@G@2@M@Z 000000018003f4d0 f   GuSweepSharedTests.obj
 0001:0003e670       ?sweepConvex_BoxGeom@@YA_NAEBVPxGeometry@physx@@AEBVPxTransform@2@AEBVPxConvexMeshGeometry@2@1AEBVPxVec3@2@MAEAUPxSweepHit@2@V?$PxFlags@W4Enum@PxHitFlag@physx@@G@2@M@Z 000000018003f670 f   GuSweepSharedTests.obj
 0001:0003e880       ?sweepConvex_CapsuleGeom@@YA_NAEBVPxGeometry@physx@@AEBVPxTransform@2@AEBVPxConvexMeshGeometry@2@1AEBVPxVec3@2@MAEAUPxSweepHit@2@V?$PxFlags@W4Enum@PxHitFlag@physx@@G@2@M@Z 000000018003f880 f   GuSweepSharedTests.obj
 0001:0003eaa0       ?sweepConvex_ConvexGeom@@YA_NAEBVPxGeometry@physx@@AEBVPxTransform@2@AEBVPxConvexMeshGeometry@2@1AEBVPxVec3@2@MAEAUPxSweepHit@2@V?$PxFlags@W4Enum@PxHitFlag@physx@@G@2@M@Z 000000018003faa0 f   GuSweepSharedTests.obj
 0001:0003faa0       ?sweepConvex_PlaneGeom@@YA_NAEBVPxGeometry@physx@@AEBVPxTransform@2@AEBVPxConvexMeshGeometry@2@1AEBVPxVec3@2@MAEAUPxSweepHit@2@V?$PxFlags@W4Enum@PxHitFlag@physx@@G@2@M@Z 0000000180040aa0 f   GuSweepSharedTests.obj
 0001:0003fee0       ?sweepConvex_SphereGeom@@YA_NAEBVPxGeometry@physx@@AEBVPxTransform@2@AEBVPxConvexMeshGeometry@2@1AEBVPxVec3@2@MAEAUPxSweepHit@2@V?$PxFlags@W4Enum@PxHitFlag@physx@@G@2@M@Z 0000000180040ee0 f   GuSweepSharedTests.obj
 0001:00040b10       ?sweepCapsule_BoxGeom@@YA_NAEBVPxGeometry@physx@@AEBVPxTransform@2@AEBVPxCapsuleGeometry@2@1AEBVCapsule@Gu@2@AEBVPxVec3@2@MAEAUPxSweepHit@2@V?$PxFlags@W4Enum@PxHitFlag@physx@@G@2@M@Z 0000000180041b10 f   GuSweepTests.obj
 0001:00041400       ?sweepBox_SphereGeom@@YA_NAEBVPxGeometry@physx@@AEBVPxTransform@2@AEBVPxBoxGeometry@2@1AEBVBox@Gu@2@AEBVPxVec3@2@MAEAUPxSweepHit@2@V?$PxFlags@W4Enum@PxHitFlag@physx@@G@2@M@Z 0000000180042400 f   GuSweepTests.obj
 0001:00041ad0       ?sweepBox_CapsuleGeom@@YA_NAEBVPxGeometry@physx@@AEBVPxTransform@2@AEBVPxBoxGeometry@2@1AEBVBox@Gu@2@AEBVPxVec3@2@MAEAUPxSweepHit@2@V?$PxFlags@W4Enum@PxHitFlag@physx@@G@2@M@Z 0000000180042ad0 f   GuSweepTests.obj
 0001:000423d0       ?sweepBox_BoxGeom@@YA_NAEBVPxGeometry@physx@@AEBVPxTransform@2@AEBVPxBoxGeometry@2@1AEBVBox@Gu@2@AEBVPxVec3@2@MAEAUPxSweepHit@2@V?$PxFlags@W4Enum@PxHitFlag@physx@@G@2@M@Z 00000001800433d0 f   GuSweepTests.obj
 0001:00042d60       ??$gjkPenetration@U?$LocalConvex@VCapsuleV@Gu@physx@@@Gu@physx@@U?$LocalConvex@VBoxV@Gu@physx@@@23@@Gu@physx@@YA?AW4GjkStatus@01@AEBU?$LocalConvex@VCapsuleV@Gu@physx@@@01@AEBU?$LocalConvex@VBoxV@Gu@physx@@@01@AEBT__m128@@2_NPEIAE4AEAEAEAUGjkOutput@01@@Z 0000000180043d60 f i GuSweepTests.obj
 0001:000442d0       ??$gjkPenetration@U?$RelativeConvex@VBoxV@Gu@physx@@@Gu@physx@@U?$LocalConvex@VBoxV@Gu@physx@@@23@@Gu@physx@@YA?AW4GjkStatus@01@AEBU?$RelativeConvex@VBoxV@Gu@physx@@@01@AEBU?$LocalConvex@VBoxV@Gu@physx@@@01@AEBT__m128@@2_NPEIAE4AEAEAEAUGjkOutput@01@@Z 00000001800452d0 f i GuSweepTests.obj
 0001:00045890       ??$gjkRaycast@U?$LocalConvex@VCapsuleV@Gu@physx@@@Gu@physx@@U?$LocalConvex@VBoxV@Gu@physx@@@23@@Gu@physx@@YA_NAEBU?$LocalConvex@VCapsuleV@Gu@physx@@@01@AEBU?$LocalConvex@VBoxV@Gu@physx@@@01@AEBT__m128@@222AEAT4@33M@Z 0000000180046890 f i GuSweepTests.obj
 0001:00046470       ??$gjkRaycast@U?$LocalConvex@VTriangleV@Gu@physx@@@Gu@physx@@U?$LocalConvex@VBoxV@Gu@physx@@@23@@Gu@physx@@YA_NAEBU?$LocalConvex@VTriangleV@Gu@physx@@@01@AEBU?$LocalConvex@VBoxV@Gu@physx@@@01@AEBT__m128@@222AEAT4@33M@Z 0000000180047470 f i GuSweepTests.obj
 0001:000470d0       ??$gjkRaycast@U?$RelativeConvex@VBoxV@Gu@physx@@@Gu@physx@@U?$LocalConvex@VBoxV@Gu@physx@@@23@@Gu@physx@@YA_NAEBU?$RelativeConvex@VBoxV@Gu@physx@@@01@AEBU?$LocalConvex@VBoxV@Gu@physx@@@01@AEBT__m128@@222AEAT4@33M@Z 00000001800480d0 f i GuSweepTests.obj
 0001:00047d10       ?getSweepFuncTable@Gu@physx@@YAAEBUGeomSweepFuncs@12@XZ 0000000180048d10 f   GuSweepTests.obj
 0001:00047d20       ?getSweepMargin@?$LocalConvex@VTriangleV@Gu@physx@@@Gu@physx@@UEBA?AT__m128@@XZ 0000000180048d20 f i GuSweepTests.obj
 0001:00047d20       ?getSweepMargin@?$RelativeConvex@VTriangleV@Gu@physx@@@Gu@physx@@UEBA?AT__m128@@XZ 0000000180048d20 f i GuCCDSweepPrimitives.obj
 0001:00047d30       ?registerHeightFields_Sweeps@@YAXXZ 0000000180048d30 f   GuSweepTests.obj
 0001:00047d70       ?support@?$LocalConvex@VBoxV@Gu@physx@@@Gu@physx@@UEBA?AT__m128@@AEBT4@@Z 0000000180048d70 f i GuSweepTests.obj
 0001:00047da0       ?support@?$LocalConvex@VBoxV@Gu@physx@@@Gu@physx@@UEBA?AT__m128@@AEBT4@AEAH@Z 0000000180048da0 f i GuSweepTests.obj
 0001:00047de0       ?support@?$LocalConvex@VTriangleV@Gu@physx@@@Gu@physx@@UEBA?AT__m128@@AEBT4@@Z 0000000180048de0 f i GuSweepTests.obj
 0001:00047e70       ?support@?$LocalConvex@VTriangleV@Gu@physx@@@Gu@physx@@UEBA?AT__m128@@AEBT4@AEAH@Z 0000000180048e70 f i GuSweepTests.obj
 0001:00047f50       ?supportPoint@?$LocalConvex@VBoxV@Gu@physx@@@Gu@physx@@UEBA?AT__m128@@H@Z 0000000180048f50 f i GuSweepTests.obj
 0001:00047f90       ?supportPoint@?$LocalConvex@VTriangleV@Gu@physx@@@Gu@physx@@UEBA?AT__m128@@H@Z 0000000180048f90 f i GuSweepTests.obj
[...]
 0003:00002e90       ?minV3Error@_VecMathTests@aos@shdfnd@physx@@3T__m128@@B 000000018013de90     GuPCMContactConvexConvex.obj
 0003:00002ea0       ?maxFError@_VecMathTests@aos@shdfnd@physx@@3T__m128@@B 000000018013dea0     GuPCMContactConvexConvex.obj
 0003:00002eb0       ?maxV3Error@_VecMathTests@aos@shdfnd@physx@@3T__m128@@B 000000018013deb0     GuPCMContactConvexHeightField.obj
 0003:00002ec0       ?minFError@_VecMathTests@aos@shdfnd@physx@@3T__m128@@B 000000018013dec0     GuPCMContactConvexHeightField.obj
 0003:00002ed0       ?maxV4Error@_VecMathTests@aos@shdfnd@physx@@3T__m128@@B 000000018013ded0     GuPCMContactConvexHeightField.obj
 0003:00002ee0       ?minV4Error@_VecMathTests@aos@shdfnd@physx@@3T__m128@@B 000000018013dee0     GuPCMContactConvexHeightField.obj
 0003:00002ef0       ?minV3Error@_VecMathTests@aos@shdfnd@physx@@3T__m128@@B 000000018013def0     GuPCMContactConvexHeightField.obj
 0003:00002f00       ?maxFError@_VecMathTests@aos@shdfnd@physx@@3T__m128@@B 000000018013df00     GuPCMContactConvexHeightField.obj
 0003:00002f10       ?maxV3Error@_VecMathTests@aos@shdfnd@physx@@3T__m128@@B 000000018013df10     GuPCMContactConvexMesh.obj
 0003:00002f20       ?minFError@_VecMathTests@aos@shdfnd@physx@@3T__m128@@B 000000018013df20     GuPCMContactConvexMesh.obj
 0003:00002f30       ?maxV4Error@_VecMathTests@aos@shdfnd@physx@@3T__m128@@B 000000018013df30     GuPCMContactConvexMesh.obj
 0003:00002f40       ?minV4Error@_VecMathTests@aos@shdfnd@physx@@3T__m128@@B 000000018013df40     GuPCMContactConvexMesh.obj
 0003:00002f50       ?minV3Error@_VecMathTests@aos@shdfnd@physx@@3T__m128@@B 000000018013df50     GuPCMContactConvexMesh.obj
 0003:00002f60       ?maxFError@_VecMathTests@aos@shdfnd@physx@@3T__m128@@B 000000018013df60     GuPCMContactConvexMesh.obj
 0003:00002f70       ?maxV3Error@_VecMathTests@aos@shdfnd@physx@@3T__m128@@B 000000018013df70     GuPCMContactGenBoxConvex.obj
 0003:00002f80       ?minFError@_VecMathTests@aos@shdfnd@physx@@3T__m128@@B 000000018013df80     GuPCMContactGenBoxConvex.obj
 0003:00002f90       ?maxV4Error@_VecMathTests@aos@shdfnd@physx@@3T__m128@@B 000000018013df90     GuPCMContactGenBoxConvex.obj
 0003:00002fa0       ?minV4Error@_VecMathTests@aos@shdfnd@physx@@3T__m128@@B 000000018013dfa0     GuPCMContactGenBoxConvex.obj
 0003:00002fb0       ?minV3Error@_VecMathTests@aos@shdfnd@physx@@3T__m128@@B 000000018013dfb0     GuPCMContactGenBoxConvex.obj
 0003:00002fc0       ?maxFError@_VecMathTests@aos@shdfnd@physx@@3T__m128@@B 000000018013dfc0     GuPCMContactGenBoxConvex.obj
 0003:00002fd0       ?maxV3Error@_VecMathTests@aos@shdfnd@physx@@3T__m128@@B 000000018013dfd0     GuPCMContactGenSphereCapsule.obj
 0003:00002fe0       ?minFError@_VecMathTests@aos@shdfnd@physx@@3T__m128@@B 000000018013dfe0     GuPCMContactGenSphereCapsule.obj
 0003:00002ff0       ?maxV4Error@_VecMathTests@aos@shdfnd@physx@@3T__m128@@B 000000018013dff0     GuPCMContactGenSphereCapsule.obj
 0003:00003000       ?minV4Error@_VecMathTests@aos@shdfnd@physx@@3T__m128@@B 000000018013e000     GuPCMContactGenSphereCapsule.obj
 0003:00003010       ?minV3Error@_VecMathTests@aos@shdfnd@physx@@3T__m128@@B 000000018013e010     GuPCMContactGenSphereCapsule.obj
 0003:00003020       ?maxFError@_VecMathTests@aos@shdfnd@physx@@3T__m128@@B 000000018013e020     GuPCMContactGenSphereCapsule.obj
 0003:00003030       ?maxV3Error@_VecMathTests@aos@shdfnd@physx@@3T__m128@@B 000000018013e030     GuPCMContactPlaneBox.obj
 0003:00003040       ?minFError@_VecMathTests@aos@shdfnd@physx@@3T__m128@@B 000000018013e040     GuPCMContactPlaneBox.obj
 0003:00003050       ?maxV4Error@_VecMathTests@aos@shdfnd@physx@@3T__m128@@B 000000018013e050     GuPCMContactPlaneBox.obj
 0003:00003060       ?minV4Error@_VecMathTests@aos@shdfnd@physx@@3T__m128@@B 000000018013e060     GuPCMContactPlaneBox.obj
 0003:00003070       ?minV3Error@_VecMathTests@aos@shdfnd@physx@@3T__m128@@B 000000018013e070     GuPCMContactPlaneBox.obj
 0003:00003080       ?maxFError@_VecMathTests@aos@shdfnd@physx@@3T__m128@@B 000000018013e080     GuPCMContactPlaneBox.obj
 0003:00003090       ?maxV3Error@_VecMathTests@aos@shdfnd@physx@@3T__m128@@B 000000018013e090     GuPCMContactPlaneCapsule.obj
 0003:000030a0       ?minFError@_VecMathTests@aos@shdfnd@physx@@3T__m128@@B 000000018013e0a0     GuPCMContactPlaneCapsule.obj
 0003:000030b0       ?maxV4Error@_VecMathTests@aos@shdfnd@physx@@3T__m128@@B 000000018013e0b0     GuPCMContactPlaneCapsule.obj
 0003:000030c0       ?minV4Error@_VecMathTests@aos@shdfnd@physx@@3T__m128@@B 000000018013e0c0     GuPCMContactPlaneCapsule.obj
 0003:000030d0       ?minV3Error@_VecMathTests@aos@shdfnd@physx@@3T__m128@@B 000000018013e0d0     GuPCMContactPlaneCapsule.obj
 0003:000030e0       ?maxFError@_VecMathTests@aos@shdfnd@physx@@3T__m128@@B 000000018013e0e0     GuPCMContactPlaneCapsule.obj
 0003:000030f0       ?maxV3Error@_VecMathTests@aos@shdfnd@physx@@3T__m128@@B 000000018013e0f0     GuPCMContactPlaneConvex.obj
 0003:00003100       ?minFError@_VecMathTests@aos@shdfnd@physx@@3T__m128@@B 000000018013e100     GuPCMContactPlaneConvex.obj
 0003:00003110       ?maxV4Error@_VecMathTests@aos@shdfnd@physx@@3T__m128@@B 000000018013e110     GuPCMContactPlaneConvex.obj
 0003:00003120       ?minV4Error@_VecMathTests@aos@shdfnd@physx@@3T__m128@@B 000000018013e120     GuPCMContactPlaneConvex.obj
 0003:00003130       ?minV3Error@_VecMathTests@aos@shdfnd@physx@@3T__m128@@B 000000018013e130     GuPCMContactPlaneConvex.obj
 0003:00003140       ?maxFError@_VecMathTests@aos@shdfnd@physx@@3T__m128@@B 000000018013e140     GuPCMContactPlaneConvex.obj
 0003:00003150       ?maxV3Error@_VecMathTests@aos@shdfnd@physx@@3T__m128@@B 000000018013e150     GuPCMContactSphereBox.obj
 0003:00003160       ?minFError@_VecMathTests@aos@shdfnd@physx@@3T__m128@@B 000000018013e160     GuPCMContactSphereBox.obj
 0003:00003170       ?maxV4Error@_VecMathTests@aos@shdfnd@physx@@3T__m128@@B 000000018013e170     GuPCMContactSphereBox.obj
 0003:00003180       ?minV4Error@_VecMathTests@aos@shdfnd@physx@@3T__m128@@B 000000018013e180     GuPCMContactSphereBox.obj
 0003:00003190       ?minV3Error@_VecMathTests@aos@shdfnd@physx@@3T__m128@@B 000000018013e190     GuPCMContactSphereBox.obj
 0003:000031a0       ?maxFError@_VecMathTests@aos@shdfnd@physx@@3T__m128@@B 000000018013e1a0     GuPCMContactSphereBox.obj
 0003:000031b0       ?maxV3Error@_VecMathTests@aos@shdfnd@physx@@3T__m128@@B 000000018013e1b0     GuPCMContactSphereCapsule.obj
 0003:000031c0       ?minFError@_VecMathTests@aos@shdfnd@physx@@3T__m128@@B 000000018013e1c0     GuPCMContactSphereCapsule.obj
 0003:000031d0       ?maxV4Error@_VecMathTests@aos@shdfnd@physx@@3T__m128@@B 000000018013e1d0     GuPCMContactSphereCapsule.obj
 0003:000031e0       ?minV4Error@_VecMathTests@aos@shdfnd@physx@@3T__m128@@B 000000018013e1e0     GuPCMContactSphereCapsule.obj
 0003:000031f0       ?minV3Error@_VecMathTests@aos@shdfnd@physx@@3T__m128@@B 000000018013e1f0     GuPCMContactSphereCapsule.obj
 0003:00003200       ?maxFError@_VecMathTests@aos@shdfnd@physx@@3T__m128@@B 000000018013e200     GuPCMContactSphereCapsule.obj
 0003:00003210       ?maxV3Error@_VecMathTests@aos@shdfnd@physx@@3T__m128@@B 000000018013e210     GuPCMContactSphereConvex.obj
 0003:00003220       ?minFError@_VecMathTests@aos@shdfnd@physx@@3T__m128@@B 000000018013e220     GuPCMContactSphereConvex.obj
 0003:00003230       ?maxV4Error@_VecMathTests@aos@shdfnd@physx@@3T__m128@@B 000000018013e230     GuPCMContactSphereConvex.obj
 0003:00003240       ?minV4Error@_VecMathTests@aos@shdfnd@physx@@3T__m128@@B 000000018013e240     GuPCMContactSphereConvex.obj
 0003:00003250       ?minV3Error@_VecMathTests@aos@shdfnd@physx@@3T__m128@@B 000000018013e250     GuPCMContactSphereConvex.obj
 0003:00003260       ?maxFError@_VecMathTests@aos@shdfnd@physx@@3T__m128@@B 000000018013e260     GuPCMContactSphereConvex.obj
 0003:00003270       ?maxV3Error@_VecMathTests@aos@shdfnd@physx@@3T__m128@@B 000000018013e270     GuPCMContactSphereHeightField.obj
 0003:00003280       ?minFError@_VecMathTests@aos@shdfnd@physx@@3T__m128@@B 000000018013e280     GuPCMContactSphereHeightField.obj
 0003:00003290       ?maxV4Error@_VecMathTests@aos@shdfnd@physx@@3T__m128@@B 000000018013e290     GuPCMContactSphereHeightField.obj
 0003:000032a0       ?minV4Error@_VecMathTests@aos@shdfnd@physx@@3T__m128@@B 000000018013e2a0     GuPCMContactSphereHeightField.obj
 0003:000032b0       ?minV3Error@_VecMathTests@aos@shdfnd@physx@@3T__m128@@B 000000018013e2b0     GuPCMContactSphereHeightField.obj
 0003:000032c0       ?maxFError@_VecMathTests@aos@shdfnd@physx@@3T__m128@@B 000000018013e2c0     GuPCMContactSphereHeightField.obj
 0003:000032d0       ?maxV3Error@_VecMathTests@aos@shdfnd@physx@@3T__m128@@B 000000018013e2d0     GuPCMContactSphereMesh.obj
 0003:000032e0       ?minFError@_VecMathTests@aos@shdfnd@physx@@3T__m128@@B 000000018013e2e0     GuPCMContactSphereMesh.obj
 0003:000032f0       ?maxV4Error@_VecMathTests@aos@shdfnd@physx@@3T__m128@@B 000000018013e2f0     GuPCMContactSphereMesh.obj
 0003:00003300       ?minV4Error@_VecMathTests@aos@shdfnd@physx@@3T__m128@@B 000000018013e300     GuPCMContactSphereMesh.obj
 0003:00003310       ?minV3Error@_VecMathTests@aos@shdfnd@physx@@3T__m128@@B 000000018013e310     GuPCMContactSphereMesh.obj
 0003:00003320       ?maxFError@_VecMathTests@aos@shdfnd@physx@@3T__m128@@B 000000018013e320     GuPCMContactSphereMesh.obj
 0003:00003330       ?maxV3Error@_VecMathTests@aos@shdfnd@physx@@3T__m128@@B 000000018013e330     GuPCMContactSpherePlane.obj
 0003:00003340       ?minFError@_VecMathTests@aos@shdfnd@physx@@3T__m128@@B 000000018013e340     GuPCMContactSpherePlane.obj
 0003:00003350       ?maxV4Error@_VecMathTests@aos@shdfnd@physx@@3T__m128@@B 000000018013e350     GuPCMContactSpherePlane.obj
 0003:00003360       ?minV4Error@_VecMathTests@aos@shdfnd@physx@@3T__m128@@B 000000018013e360     GuPCMContactSpherePlane.obj
 0003:00003370       ?minV3Error@_VecMathTests@aos@shdfnd@physx@@3T__m128@@B 000000018013e370     GuPCMContactSpherePlane.obj
 0003:00003380       ?maxFError@_VecMathTests@aos@shdfnd@physx@@3T__m128@@B 000000018013e380     GuPCMContactSpherePlane.obj
 0003:00003390       ?maxV3Error@_VecMathTests@aos@shdfnd@physx@@3T__m128@@B 000000018013e390     GuPCMContactSphereSphere.obj
 0003:000033a0       ?minFError@_VecMathTests@aos@shdfnd@physx@@3T__m128@@B 000000018013e3a0     GuPCMContactSphereSphere.obj
 0003:000033b0       ?maxV4Error@_VecMathTests@aos@shdfnd@physx@@3T__m128@@B 000000018013e3b0     GuPCMContactSphereSphere.obj
 0003:000033c0       ?minV4Error@_VecMathTests@aos@shdfnd@physx@@3T__m128@@B 000000018013e3c0     GuPCMContactSphereSphere.obj
 0003:000033d0       ?minV3Error@_VecMathTests@aos@shdfnd@physx@@3T__m128@@B 000000018013e3d0     GuPCMContactSphereSphere.obj
 0003:000033e0       ?maxFError@_VecMathTests@aos@shdfnd@physx@@3T__m128@@B 000000018013e3e0     GuPCMContactSphereSphere.obj
 0003:000033f0       ?maxV3Error@_VecMathTests@aos@shdfnd@physx@@3T__m128@@B 000000018013e3f0     GuPCMShapeConvex.obj
 0003:00003400       ?minFError@_VecMathTests@aos@shdfnd@physx@@3T__m128@@B 000000018013e400     GuPCMShapeConvex.obj
 0003:00003410       ?maxV4Error@_VecMathTests@aos@shdfnd@physx@@3T__m128@@B 000000018013e410     GuPCMShapeConvex.obj
 0003:00003420       ?minV4Error@_VecMathTests@aos@shdfnd@physx@@3T__m128@@B 000000018013e420     GuPCMShapeConvex.obj
 0003:00003430       ?minV3Error@_VecMathTests@aos@shdfnd@physx@@3T__m128@@B 000000018013e430     GuPCMShapeConvex.obj
 0003:00003440       ?maxFError@_VecMathTests@aos@shdfnd@physx@@3T__m128@@B 000000018013e440     GuPCMShapeConvex.obj
 0003:00003450       ?maxV3Error@_VecMathTests@aos@shdfnd@physx@@3T__m128@@B 000000018013e450     GuPCMTriangleContactGen.obj
 0003:00003460       ?minFError@_VecMathTests@aos@shdfnd@physx@@3T__m128@@B 000000018013e460     GuPCMTriangleContactGen.obj
 0003:00003470       ?maxV4Error@_VecMathTests@aos@shdfnd@physx@@3T__m128@@B 000000018013e470     GuPCMTriangleContactGen.obj
 0003:00003480       ?minV4Error@_VecMathTests@aos@shdfnd@physx@@3T__m128@@B 000000018013e480     GuPCMTriangleContactGen.obj
 0003:00003490       ?minV3Error@_VecMathTests@aos@shdfnd@physx@@3T__m128@@B 000000018013e490     GuPCMTriangleContactGen.obj
 0003:000034a0       ?maxFError@_VecMathTests@aos@shdfnd@physx@@3T__m128@@B 000000018013e4a0     GuPCMTriangleContactGen.obj
 0003:000034b0       ?maxV3Error@_VecMathTests@aos@shdfnd@physx@@3T__m128@@B 000000018013e4b0     GuPersistentContactManifold.obj
 0003:000034c0       ?minFError@_VecMathTests@aos@shdfnd@physx@@3T__m128@@B 000000018013e4c0     GuPersistentContactManifold.obj
 0003:000034d0       ?maxV4Error@_VecMathTests@aos@shdfnd@physx@@3T__m128@@B 000000018013e4d0     GuPersistentContactManifold.obj
 0003:000034e0       ?minV4Error@_VecMathTests@aos@shdfnd@physx@@3T__m128@@B 000000018013e4e0     GuPersistentContactManifold.obj
 0003:000034f0       ?minV3Error@_VecMathTests@aos@shdfnd@physx@@3T__m128@@B 000000018013e4f0     GuPersistentContactManifold.obj
 0003:00003500       ?maxFError@_VecMathTests@aos@shdfnd@physx@@3T__m128@@B 000000018013e500     GuPersistentContactManifold.obj
 0003:00003510       ?maxV3Error@_VecMathTests@aos@shdfnd@physx@@3T__m128@@B 000000018013e510     GuSweepBoxBox.obj
 0003:00003520       ?minFError@_VecMathTests@aos@shdfnd@physx@@3T__m128@@B 000000018013e520     GuSweepBoxBox.obj
 0003:00003530       ?maxV4Error@_VecMathTests@aos@shdfnd@physx@@3T__m128@@B 000000018013e530     GuSweepBoxBox.obj
 0003:00003540       ?minV4Error@_VecMathTests@aos@shdfnd@physx@@3T__m128@@B 000000018013e540     GuSweepBoxBox.obj
 0003:00003550       ?minV3Error@_VecMathTests@aos@shdfnd@physx@@3T__m128@@B 000000018013e550     GuSweepBoxBox.obj
 0003:00003560       ?maxFError@_VecMathTests@aos@shdfnd@physx@@3T__m128@@B 000000018013e560     GuSweepBoxBox.obj
 0003:00003570       ?maxV3Error@_VecMathTests@aos@shdfnd@physx@@3T__m128@@B 000000018013e570     GuSweepBoxSphere.obj
 0003:00003580       ?minFError@_VecMathTests@aos@shdfnd@physx@@3T__m128@@B 000000018013e580     GuSweepBoxSphere.obj
 0003:00003590       ?maxV4Error@_VecMathTests@aos@shdfnd@physx@@3T__m128@@B 000000018013e590     GuSweepBoxSphere.obj
 0003:000035a0       ?minV4Error@_VecMathTests@aos@shdfnd@physx@@3T__m128@@B 000000018013e5a0     GuSweepBoxSphere.obj
 0003:000035b0       ?minV3Error@_VecMathTests@aos@shdfnd@physx@@3T__m128@@B 000000018013e5b0     GuSweepBoxSphere.obj
 0003:000035c0       ?maxFError@_VecMathTests@aos@shdfnd@physx@@3T__m128@@B 000000018013e5c0     GuSweepBoxSphere.obj
 0003:000035d0       ?maxV3Error@_VecMathTests@aos@shdfnd@physx@@3T__m128@@B 000000018013e5d0     GuSweepBoxTriangle_FeatureBased.obj
 0003:000035e0       ?minFError@_VecMathTests@aos@shdfnd@physx@@3T__m128@@B 000000018013e5e0     GuSweepBoxTriangle_FeatureBased.obj
 0003:000035f0       ?maxV4Error@_VecMathTests@aos@shdfnd@physx@@3T__m128@@B 000000018013e5f0     GuSweepBoxTriangle_FeatureBased.obj
 0003:00003600       ?minV4Error@_VecMathTests@aos@shdfnd@physx@@3T__m128@@B 000000018013e600     GuSweepBoxTriangle_FeatureBased.obj
 0003:00003610       ?minV3Error@_VecMathTests@aos@shdfnd@physx@@3T__m128@@B 000000018013e610     GuSweepBoxTriangle_FeatureBased.obj
 0003:00003620       ?maxFError@_VecMathTests@aos@shdfnd@physx@@3T__m128@@B 000000018013e620     GuSweepBoxTriangle_FeatureBased.obj
 0003:00003630       ?maxV3Error@_VecMathTests@aos@shdfnd@physx@@3T__m128@@B 000000018013e630     GuSweepBoxTriangle_SAT.obj
 0003:00003640       ?minFError@_VecMathTests@aos@shdfnd@physx@@3T__m128@@B 000000018013e640     GuSweepBoxTriangle_SAT.obj
 0003:00003650       ?maxV4Error@_VecMathTests@aos@shdfnd@physx@@3T__m128@@B 000000018013e650     GuSweepBoxTriangle_SAT.obj
 0003:00003660       ?minV4Error@_VecMathTests@aos@shdfnd@physx@@3T__m128@@B 000000018013e660     GuSweepBoxTriangle_SAT.obj
 0003:00003670       ?minV3Error@_VecMathTests@aos@shdfnd@physx@@3T__m128@@B 000000018013e670     GuSweepBoxTriangle_SAT.obj
 0003:00003680       ?maxFError@_VecMathTests@aos@shdfnd@physx@@3T__m128@@B 000000018013e680     GuSweepBoxTriangle_SAT.obj
 0003:00003690       ?maxV3Error@_VecMathTests@aos@shdfnd@physx@@3T__m128@@B 000000018013e690     GuSweepCapsuleBox.obj
 0003:000036a0       ?minFError@_VecMathTests@aos@shdfnd@physx@@3T__m128@@B 000000018013e6a0     GuSweepCapsuleBox.obj
 0003:000036b0       ?maxV4Error@_VecMathTests@aos@shdfnd@physx@@3T__m128@@B 000000018013e6b0     GuSweepCapsuleBox.obj
 0003:000036c0       ?minV4Error@_VecMathTests@aos@shdfnd@physx@@3T__m128@@B 000000018013e6c0     GuSweepCapsuleBox.obj
 0003:000036d0       ?minV3Error@_VecMathTests@aos@shdfnd@physx@@3T__m128@@B 000000018013e6d0     GuSweepCapsuleBox.obj
 0003:000036e0       ?maxFError@_VecMathTests@aos@shdfnd@physx@@3T__m128@@B 000000018013e6e0     GuSweepCapsuleBox.obj
 0003:000036f0       ?maxV3Error@_VecMathTests@aos@shdfnd@physx@@3T__m128@@B 000000018013e6f0     GuSweepCapsuleTriangle.obj
 0003:00003700       ?minFError@_VecMathTests@aos@shdfnd@physx@@3T__m128@@B 000000018013e700     GuSweepCapsuleTriangle.obj
 0003:00003710       ?maxV4Error@_VecMathTests@aos@shdfnd@physx@@3T__m128@@B 000000018013e710     GuSweepCapsuleTriangle.obj
 0003:00003720       ?minV4Error@_VecMathTests@aos@shdfnd@physx@@3T__m128@@B 000000018013e720     GuSweepCapsuleTriangle.obj
 0003:00003730       ?minV3Error@_VecMathTests@aos@shdfnd@physx@@3T__m128@@B 000000018013e730     GuSweepCapsuleTriangle.obj
 0003:00003740       ?maxFError@_VecMathTests@aos@shdfnd@physx@@3T__m128@@B 000000018013e740     GuSweepCapsuleTriangle.obj
 0003:00003750       ?maxV3Error@_VecMathTests@aos@shdfnd@physx@@3T__m128@@B 000000018013e750     GuSweepSphereTriangle.obj
 0003:00003760       ?minFError@_VecMathTests@aos@shdfnd@physx@@3T__m128@@B 000000018013e760     GuSweepSphereTriangle.obj
 0003:00003770       ?maxV4Error@_VecMathTests@aos@shdfnd@physx@@3T__m128@@B 000000018013e770     GuSweepSphereTriangle.obj
 0003:00003780       ?minV4Error@_VecMathTests@aos@shdfnd@physx@@3T__m128@@B 000000018013e780     GuSweepSphereTriangle.obj
 0003:00003790       ?minV3Error@_VecMathTests@aos@shdfnd@physx@@3T__m128@@B 000000018013e790     GuSweepSphereTriangle.obj
 0003:000037a0       ?maxFError@_VecMathTests@aos@shdfnd@physx@@3T__m128@@B 000000018013e7a0     GuSweepSphereTriangle.obj
 0003:000037b0       ?maxV3Error@_VecMathTests@aos@shdfnd@physx@@3T__m128@@B 000000018013e7b0     GuSweepTriangleUtils.obj
 0003:000037c0       ?minFError@_VecMathTests@aos@shdfnd@physx@@3T__m128@@B 000000018013e7c0     GuSweepTriangleUtils.obj
 0003:000037d0       ?maxV4Error@_VecMathTests@aos@shdfnd@physx@@3T__m128@@B 000000018013e7d0     GuSweepTriangleUtils.obj
 0003:000037e0       ?minV4Error@_VecMathTests@aos@shdfnd@physx@@3T__m128@@B 000000018013e7e0     GuSweepTriangleUtils.obj
 0003:000037f0       ?minV3Error@_VecMathTests@aos@shdfnd@physx@@3T__m128@@B 000000018013e7f0     GuSweepTriangleUtils.obj
 0003:00003800       ?maxFError@_VecMathTests@aos@shdfnd@physx@@3T__m128@@B 000000018013e800     GuSweepTriangleUtils.obj
 0003:00003860       ?__proc_attached@@3HA      000000018013e860     MSVCRT:dll_dllmain.obj
 0003:00003888       ?is_initialized_as_dll@@3_NA 000000018013e888     MSVCRT:utility.obj
 0003:00003889       ?module_local_atexit_table_initialized@@3_NA 000000018013e889     MSVCRT:utility.obj
 0003:00003890       ?module_local_atexit_table@@3U_onexit_table_t@@A 000000018013e890     MSVCRT:utility.obj
 0003:000038a8       ?module_local_at_quick_exit_table@@3U_onexit_table_t@@A 000000018013e8a8     MSVCRT:utility.obj
 0005:00000000       _2il0floatpacket$19        0000000180145000     MSVCRT:svml_ssinf4_sse2.obj
 0005:00002200       _vmlsSinHATab              0000000180147200     MSVCRT:svml_s_sin_cout.obj
 0006:000000a0       $R000000                   00000001801480a0     PhysXCommon.res
 0006:000003d0       $R000330                   00000001801483d0     PhysXCommon.res
